[2026-02-17 08:09:55] 🚀 Iniciando script – 2026-02-17_08-09-55
[2026-02-17 08:09:55] ✅ Node v24.12.0 OK
[2026-02-17 08:09:56] ✅ Yarn 4.12.0 OK
[2026-02-17 08:09:56] ✅ Expo (local) 54.0.23
[2026-02-17 08:09:56] ✅ Xcode 26.2 OK
[2026-02-17 08:09:56] ✅ CocoaPods 1.16.2 OK
[2026-02-17 08:09:56] ✅ libimobiledevice (idevicepair) disponível
[2026-02-17 08:09:56] 🚀 Iniciando script – 2026-02-17_08-09-55
[2026-02-17 08:09:56] 🧹 Limpando artefatos da build anterior…
[2026-02-17 08:10:04]    • DerivedData removida (/Users/clisamax/Library/Developer/Xcode/DerivedData/FormCam-bghffiesmchebqfenymgyejtnsai
/Users/clisamax/Library/Developer/Xcode/DerivedData/FormCam-dafqrjcqenjoxbfbwuupgqbhuhip)
[2026-02-17 08:10:04] ✅ Limpeza completa concluída.
[2026-02-17 08:10:04] 📦 Instalando dependências JavaScript (Yarn – frozen‑lockfile)…
➤ YN0050: The --frozen-lockfile option is deprecated; use --immutable and/or --immutable-cache instead

➤ YN0000: · Yarn 4.12.0
➤ YN0000: ┌ Resolution step
➤ YN0000: └ Completed
➤ YN0000: ┌ Post-resolution validation
➤ YN0060: │ react is listed by your project with version 19.1.0 (pf5c6e9), which doesn't satisfy what react-test-renderer and other dependencies request (but they have non-overlapping ranges!).
➤ YN0086: │ Some peer dependencies are incorrectly met by your project; run yarn explain peer-requirements <hash> for details, where <hash> is the six-letter p-prefixed code.
➤ YN0086: │ Some peer dependencies are incorrectly met by dependencies; run yarn explain peer-requirements for details.
➤ YN0000: │ 
➤ YN0000: │ @@ -8514,9 +8514,9 @@
➤ YN0000: │    checksum: 10c0/cdd59e3aa1aca61955eabc25d21dc3c0a8971fffd234cb491245bc3eac96b45f197dce723089b5760c968ad309e9deb75660e6810c6c58b8a629b83a7e2abc76
➤ YN0000: │    languageName: node
➤ YN0000: │    linkType: hard
➤ YN0000: │  
➤ YN0028: │ -"expo-modules-core@npm:3.0.29, expo-modules-core@npm:~3.0.29":
➤ YN0028: │ +"expo-modules-core@npm:3.0.29":
➤ YN0000: │    version: 3.0.29
➤ YN0000: │    resolution: "expo-modules-core@npm:3.0.29"
➤ YN0000: │    dependencies:
➤ YN0000: │      invariant: "npm:^2.2.4"
➤ YN0000: │ @@ -9029,9 +9029,8 @@
➤ YN0000: │      expo-image-manipulator: "npm:~14.0.8"
➤ YN0000: │      expo-linking: "npm:~8.0.11"
➤ YN0000: │      expo-media-library: "npm:~18.2.1"
➤ YN0000: │      expo-module-scripts: "npm:^4.1.10"
➤ YN0028: │ -    expo-modules-core: "npm:~3.0.29"
➤ YN0000: │      expo-router: "npm:~6.0.23"
➤ YN0000: │      expo-splash-screen: "npm:~31.0.13"
➤ YN0000: │      expo-status-bar: "npm:~3.0.9"
➤ YN0000: │      expo-system-ui: "npm:~6.0.9"
➤ YN0000: │ 
➤ YN0028: │ The lockfile would have been modified by this install, which is explicitly forbidden.
➤ YN0000: └ Completed
➤ YN0000: · Failed with errors in 0s 122ms
