[2026-02-16 02:04:26] 🚀 Iniciando script de build – 2026-02-16_02-04-26
[2026-02-16 02:04:26] ✅ Node v24.12.0 OK
[2026-02-16 02:04:27] ✅ Yarn 1.22.22 OK
[2026-02-16 02:04:27] ✅ Expo CLI 6.3.10 OK
[2026-02-16 02:04:27] ✅ Xcode 26.2 OK
[2026-02-16 02:04:28] ✅ CocoaPods 1.16.2 OK
[2026-02-16 02:04:28] ✅ watchman 2026.01.12.00 encontrado
[2026-02-16 02:04:28] ⚠️ idevice_id não encontrado – usarei fallback via system_profiler.
[2026-02-16 02:04:28] 📦 Instalando dependências com Yarn (frozen‑lockfile)…
yarn install v1.22.22
[1/4] Resolving packages...
(node:9699) [DEP0169] DeprecationWarning: `url.parse()` behavior is not standardized and prone to errors that have security implications. Use the WHATWG URL API instead. CVEs are not issued for `url.parse()` vulnerabilities.
(Use `node --trace-deprecation ...` to show where the warning was created)
success Already up-to-date.
Done in 0.26s.
[2026-02-16 02:04:29] 🧹 Limpando artefatos de build anteriores…
[2026-02-16 02:04:29]    • .expo removida
[2026-02-16 02:04:29]    • DerivedData (/Users/clisamax/Library/Developer/Xcode/DerivedData/FormCam-bghffiesmchebqfenymgyejtnsai
/Users/clisamax/Library/Developer/Xcode/DerivedData/FormCam-dafqrjcqenjoxbfbwuupgqbhuhip) removida
[2026-02-16 02:04:29]    • Resetando cache do Metro
  --non-interactive is not supported, use $CI=1 instead
env: load .env
env: export EXPO_PUBLIC_API_URL EXPO_PUBLIC_IMMICH_URL EXPO_PUBLIC_IMMICH_API_KEY
Starting project at /Users/clisamax/Documents/GITHUB/FormCam
Using src/app as the root directory for Expo Router.
Starting Metro Bundler
warning: Bundler cache is empty, rebuilding (this may take a minute)
Waiting on http://localhost:8081
Logs for your project will appear below.
[2026-02-16 02:16:34] 🔧 Instalando/atualizando Pods…

[!] Invalid `Podfile` file: .

 #  from /Users/clisamax/Documents/GITHUB/FormCam/ios/Podfile:17
 #  -------------------------------------------
 #  target 'FormCam' do
 >    use_expo_modules!
 #  
 #  -------------------------------------------
