[2026-02-17 04:43:09] 🚀 Iniciando script – 2026-02-17_04-43-09
[2026-02-17 04:43:09] ✅ Node v24.12.0 OK
[2026-02-17 04:43:09] ✅ Yarn 1.22.22 OK
[2026-02-17 04:43:09] ✅ Expo (SDK) local (54.0.23)
[2026-02-17 04:43:09] ✅ Xcode 26.2 OK
[2026-02-17 04:43:09] ✅ CocoaPods 1.16.2 OK
[2026-02-17 04:43:10] ✅ watchman 2026.01.12.00 encontrado
[2026-02-17 04:43:10] ⚠️ idevice_id não encontrado – usarei fallback via system_profiler.
[2026-02-17 04:43:10] 📦 Instalando dependências com Yarn (frozen‑lockfile)…
yarn install v1.22.22
[1/4] Resolving packages...
(node:83928) [DEP0169] DeprecationWarning: `url.parse()` behavior is not standardized and prone to errors that have security implications. Use the WHATWG URL API instead. CVEs are not issued for `url.parse()` vulnerabilities.
(Use `node --trace-deprecation ...` to show where the warning was created)
success Already up-to-date.
Done in 0.13s.
[2026-02-17 04:43:10] 🧹 Limpando artefatos de build anteriores…
[2026-02-17 04:43:10]    • .expo removida
[2026-02-17 04:43:10]    • DerivedData (/Users/clisamax/Library/Developer/Xcode/DerivedData/FormCam-bghffiesmchebqfenymgyejtnsai
/Users/clisamax/Library/Developer/Xcode/DerivedData/FormCam-dafqrjcqenjoxbfbwuupgqbhuhip) removida
[2026-02-17 04:43:10] 🧹 Resetando o cache do Metro…
[2026-02-17 04:43:10] ✅  RAM‑disk já está montado em /Volumes/metro-ram
[2026-02-17 04:43:10]    • METRO_CACHE_DIR = /Volumes/metro-ram/metro-cache
[2026-02-17 04:43:10]    • Iniciando Metro em background (gera grafo)…
[2026-02-17 04:43:10] ⏳ Metro ainda indexando (PID=83965) – cache   0B
2026-02-17T07:43:10.373Z expo:telemetry Switching strategy from detached to instant
2026-02-17T07:43:10.403Z expo:telemetry Recording 1 event(s)
2026-02-17T07:43:10.409Z expo:env Loaded environment variables from: /Users/clisamax/Documents/GITHUB/FormCam/.env
2026-02-17T07:43:10.409Z expo:env /Users/clisamax/Documents/GITHUB/FormCam/.env.development does not exist, skipping this env file
2026-02-17T07:43:10.409Z expo:env /Users/clisamax/Documents/GITHUB/FormCam/.env.local does not exist, skipping this env file
2026-02-17T07:43:10.409Z expo:env /Users/clisamax/Documents/GITHUB/FormCam/.env.development.local does not exist, skipping this env file
env: load .env
env: export EXPO_PUBLIC_API_URL EXPO_PUBLIC_IMMICH_URL EXPO_PUBLIC_IMMICH_API_KEY
2026-02-17T07:43:10.481Z expo:utils:scheme ios application Info.plist path: FormCam/Info.plist
2026-02-17T07:43:10.484Z expo:utils:scheme ios application schemes: [ 'formcam', 'com.clisamax.FormCam', 'exp+formcam' ]
2026-02-17T07:43:10.497Z expo:utils:scheme expected error collecting android application schemes for the main activity: TypeError: Cannot read properties of null (reading 'manifest')
    at isManifest (/Users/clisamax/Documents/GITHUB/FormCam/node_modules/@expo/config-plugins/build/android/Manifest.js:73:16)
    at Object.readAndroidManifestAsync (/Users/clisamax/Documents/GITHUB/FormCam/node_modules/@expo/config-plugins/build/android/Manifest.js:66:8)
    at async getSchemesForAndroidAsync (/Users/clisamax/Documents/GITHUB/FormCam/node_modules/@expo/cli/build/src/utils/scheme.js:155:26)
    at async Promise.all (index 1)
    at async getOptionalDevClientSchemeAsync (/Users/clisamax/Documents/GITHUB/FormCam/node_modules/@expo/cli/build/src/utils/scheme.js:182:28)
    at async resolveSchemeAsync (/Users/clisamax/Documents/GITHUB/FormCam/node_modules/@expo/cli/build/src/start/resolveOptions.js:99:32)
    at async resolveOptionsAsync (/Users/clisamax/Documents/GITHUB/FormCam/node_modules/@expo/cli/build/src/start/resolveOptions.js:70:20)
    at async expoStart (/Users/clisamax/Documents/GITHUB/FormCam/node_modules/@expo/cli/build/src/start/index.js:140:21)
Starting project at /Users/clisamax/Documents/GITHUB/FormCam
2026-02-17T07:43:10.545Z expo:utils:fileNotifier Observing /Users/clisamax/Documents/GITHUB/FormCam/babel.config.js
2026-02-17T07:43:10.613Z expo:start:server:devServer Stopping dev server (bundler: metro)
2026-02-17T07:43:10.613Z expo:start:server:devServer Stopped dev server (bundler: metro)
Using src/app as the root directory for Expo Router.
2026-02-17T07:43:10.807Z expo:metro:config react-native-reanimated package.json: /Users/clisamax/Documents/GITHUB/FormCam/node_modules/react-native-reanimated/package.json
2026-02-17T07:43:10.811Z expo:metro:config react-native-reanimated package.json: /Users/clisamax/Documents/GITHUB/FormCam/node_modules/react-native-reanimated/package.json

Expo Metro config:
- Version: 54.0.14
- Extensions: ts, tsx, mjs, js, jsx, json, cjs, scss, sass, css
- React Native: /Users/clisamax/Documents/GITHUB/FormCam/node_modules/react-native
- Watch Folders: 
- Node Module Paths: 
- Sass: null
- Reanimated: 3.17.5
- Worklets: null
- Babel Runtime: null


Expo Metro config:
- Version: 54.0.14
- Extensions: ts, tsx, mjs, js, jsx, json, cjs, scss, sass, css
- React Native: /Users/clisamax/Documents/GITHUB/FormCam/node_modules/react-native
- Watch Folders: 
- Node Module Paths: 
- Sass: null
- Reanimated: 3.17.5
- Worklets: null
- Babel Runtime: null

2026-02-17T07:43:10.912Z expo:metro:withMetroResolvers Appending 8 custom resolvers to Metro config. (has custom resolver: false)
2026-02-17T07:43:10.927Z expo:start:server:urlCreator URL: http://127.0.0.1:8081
Metro is running in CI mode, reloads are disabled. Remove CI=true to enable watch mode.
Starting Metro Bundler
warning: Bundler cache is empty, rebuilding (this may take a minute)
2026-02-17T07:43:11.030Z expo:start:server:middleware:serveStatic Serving static files from: /Users/clisamax/Documents/GITHUB/FormCam/public
2026-02-17T07:43:11.141Z expo:start:server:urlCreator URL: http://192.168.0.6:8081
2026-02-17T07:43:11.141Z expo:start:server:urlCreator Dev client URL: exp+formcam://expo-development-client/?url=http%3A%2F%2F192.168.0.6%3A8081 -- manifestUrl: http://192.168.0.6:8081 -- {}
2026-02-17T07:43:11.143Z expo:start:server:developmentSession This project will not be suggested in Expo Go or Dev Clients because Expo CLI is running in CI.
2026-02-17T07:43:11.143Z expo:utils:fileNotifier Observing /Users/clisamax/Documents/GITHUB/FormCam/metro.config.js
2026-02-17T07:43:11.143Z expo:start:server:metro:waitForTypescript Watching file changes: [
  '/Users/clisamax/Documents/GITHUB/FormCam/.env.development.local',
  '/Users/clisamax/Documents/GITHUB/FormCam/.env.local',
  '/Users/clisamax/Documents/GITHUB/FormCam/.env.development',
  '/Users/clisamax/Documents/GITHUB/FormCam/.env'
]
2026-02-17T07:43:11.143Z expo:doctor:typescriptSupport Ensuring TypeScript support is setup
2026-02-17T07:43:11.144Z expo:doctor:apple:simulatorApp Simulator app id: com.apple.iphonesimulator
2026-02-17T07:43:11.156Z expo:doctor:dependencies:getMissingPackages Required package "typescript" found (no version constraint specified).
2026-02-17T07:43:11.157Z expo:doctor:dependencies:getMissingPackages Required package "@types/react" found (no version constraint specified).
2026-02-17T07:43:11.159Z expo:typed-routes Ensuring typed routes side-effects are setup (experiments.typedRoutes: true, typesDirectory: /Users/clisamax/Documents/GITHUB/FormCam/.expo/types)
Waiting on http://localhost:8081
Logs for your project will appear below.
2026-02-17T07:43:11.171Z expo:start:server:metro:metroWatchTypeScriptFiles Waiting for TypeScript files to be added to the project...
[2026-02-17 04:43:25] ⏳ Metro ainda indexando (PID=83965) – cache   0B
[2026-02-17 04:43:40] ⏳ Metro ainda indexando (PID=83965) – cache   0B
[2026-02-17 04:43:55] ⏳ Metro ainda indexando (PID=83965) – cache   0B
[2026-02-17 04:44:10] ⏳ Metro ainda indexando (PID=83965) – cache   0B
[2026-02-17 04:44:25] ⏳ Metro ainda indexando (PID=83965) – cache   0B
[2026-02-17 04:44:40] ⏳ Metro ainda indexando (PID=83965) – cache   0B
[2026-02-17 04:44:55] ⏳ Metro ainda indexando (PID=83965) – cache   0B
[2026-02-17 04:45:10] ⏳ Metro ainda indexando (PID=83965) – cache   0B
[2026-02-17 04:45:25] ⏳ Metro ainda indexando (PID=83965) – cache   0B
[2026-02-17 04:45:40] ⏳ Metro ainda indexando (PID=83965) – cache   0B
[2026-02-17 04:45:55] ⏳ Metro ainda indexando (PID=83965) – cache   0B
[2026-02-17 04:46:10] ⏳ Metro ainda indexando (PID=83965) – cache   0B
[2026-02-17 04:46:25] ⏳ Metro ainda indexando (PID=83965) – cache   0B
[2026-02-17 04:46:40] ⏳ Metro ainda indexando (PID=83965) – cache   0B
[2026-02-17 04:46:55] ⏳ Metro ainda indexando (PID=83965) – cache   0B
[2026-02-17 04:47:10] ⏳ Metro ainda indexando (PID=83965) – cache   0B
[2026-02-17 04:47:25] ⏳ Metro ainda indexando (PID=83965) – cache   0B
[2026-02-17 04:47:40] ⏳ Metro ainda indexando (PID=83965) – cache   0B
[2026-02-17 04:47:55] ⏳ Metro ainda indexando (PID=83965) – cache   0B
[2026-02-17 04:48:10] ⏳ Metro ainda indexando (PID=83965) – cache   0B
[2026-02-17 04:48:25] ⏳ Metro ainda indexando (PID=83965) – cache   0B
[2026-02-17 04:48:40] ⏳ Metro ainda indexando (PID=83965) – cache   0B
[2026-02-17 04:48:55] ⏳ Metro ainda indexando (PID=83965) – cache   0B
[2026-02-17 04:49:10] ⏳ Metro ainda indexando (PID=83965) – cache   0B
[2026-02-17 04:49:25] ⏳ Metro ainda indexando (PID=83965) – cache   0B
