[2026-02-17 08:29:53] 🚀 Iniciando script – 2026-02-17_08-29-53
[2026-02-17 08:29:53] ✅ Node v24.12.0 OK
[2026-02-17 08:29:53] ✅ Yarn 4.12.0 OK
[2026-02-17 08:29:53] ✅ Expo (local) 54.0.23
[2026-02-17 08:29:53] ✅ Xcode 26.2 OK
[2026-02-17 08:29:53] ✅ CocoaPods 1.16.2 OK
[2026-02-17 08:29:53] ✅ libimobiledevice (idevicepair) disponível
[2026-02-17 08:29:53] 🚀 Iniciando script – 2026-02-17_08-29-53
[2026-02-17 08:29:53] 🧹 Limpando artefatos da build anterior…
[2026-02-17 08:29:59]    • DerivedData removida (/Users/clisamax/Library/Developer/Xcode/DerivedData/FormCam-bghffiesmchebqfenymgyejtnsai
/Users/clisamax/Library/Developer/Xcode/DerivedData/FormCam-dafqrjcqenjoxbfbwuupgqbhuhip)
[2026-02-17 08:29:59] ✅ Limpeza completa concluída.
[2026-02-17 08:29:59] 📦 Instalando dependências JavaScript (Yarn – frozen‑lockfile)…
➤ YN0050: The --frozen-lockfile option is deprecated; use --immutable and/or --immutable-cache instead

➤ YN0000: · Yarn 4.12.0
➤ YN0000: ┌ Resolution step
➤ YN0000: └ Completed
➤ YN0000: ┌ Post-resolution validation
➤ YN0060: │ react is listed by your project with version 19.1.0 (pf5c6e9), which doesn't satisfy what react-test-renderer and other dependencies request (but they have non-overlapping ranges!).
➤ YN0086: │ Some peer dependencies are incorrectly met by your project; run yarn explain peer-requirements <hash> for details, where <hash> is the six-letter p-prefixed code.
➤ YN0086: │ Some peer dependencies are incorrectly met by dependencies; run yarn explain peer-requirements for details.
➤ YN0000: └ Completed
➤ YN0000: ┌ Fetch step
➤ YN0000: └ Completed in 0s 445ms
➤ YN0000: ┌ Link step
➤ YN0007: │ @biomejs/biome@npm:1.9.2 must be built because it never has been before or the last one failed
➤ YN0007: │ aws-sdk@npm:2.1693.0 must be built because it never has been before or the last one failed
➤ YN0000: └ Completed in 5s 334ms
➤ YN0000: · Done with warnings in 5s 984ms
[2026-02-17 08:30:06] ✅ Yarn install concluído.
[2026-02-17 08:30:06] 🩺 Executando npx expo-doctor…
[2026-02-17 08:30:06] ⚡ expo-doctor não encontrado – instalando como dev‑dependency…
[2026-02-17 08:30:06]    • Executando: yarn
add
-D
expo-doctor
➤ YN0000: · Yarn 4.12.0
➤ YN0000: ┌ Resolution step
➤ YN0000: └ Completed
➤ YN0000: ┌ Post-resolution validation
➤ YN0060: │ react is listed by your project with version 19.1.0 (pf5c6e9), which doesn't satisfy what react-test-renderer and other dependencies request (but they have non-overlapping ranges!).
➤ YN0086: │ Some peer dependencies are incorrectly met by your project; run yarn explain peer-requirements <hash> for details, where <hash> is the six-letter p-prefixed code.
➤ YN0086: │ Some peer dependencies are incorrectly met by dependencies; run yarn explain peer-requirements for details.
➤ YN0000: └ Completed
➤ YN0000: ┌ Fetch step
➤ YN0000: └ Completed in 0s 444ms
➤ YN0000: ┌ Link step
➤ YN0000: └ Completed
➤ YN0000: · Done with warnings in 0s 721ms
[2026-02-17 08:30:07]    • Executando: npx
expo-doctor
env: load .env
env: export EXPO_PUBLIC_API_URL EXPO_PUBLIC_IMMICH_URL EXPO_PUBLIC_IMMICH_API_KEY
Running 17 checks on your project...
17/17 checks passed. No issues detected!
[2026-02-17 08:30:10] ✅ expo-doctor finalizado sem detectar problemas críticos.
[2026-02-17 08:30:10] 🔎 Testando compilação com xcodebuild (Debug, iPhoneOS)…
[2026-02-17 08:30:10]    • Executando: xcodebuild
-workspace
FormCam.xcworkspace
-scheme
FormCam
-configuration
Debug
-sdk
iphoneos
-derivedDataPath
build
clean
build
Command line invocation:
    /Applications/Xcode.app/Contents/Developer/usr/bin/xcodebuild -workspace FormCam.xcworkspace -scheme FormCam -configuration Debug -sdk iphoneos -derivedDataPath build clean build

Build settings from command line:
    SDKROOT = iphoneos26.2

--- xcodebuild: WARNING: Using the first of multiple matching destinations:
{ platform:iOS, id:dvtdevice-DVTiPhonePlaceholder-iphoneos:placeholder, name:Any iOS Device }
{ platform:macOS, arch:arm64, variant:Designed for [iPad,iPhone], id:00008132-000668692653801C, name:My Mac }
{ platform:iOS Simulator, id:dvtdevice-DVTiOSDeviceSimulatorPlaceholder-iphonesimulator:placeholder, name:Any iOS Simulator Device }
{ platform:iOS Simulator, arch:arm64, id:ADCD9AD4-5D06-4240-999B-A146996C751A, OS:26.1, name:iPad (A16) }
{ platform:iOS Simulator, arch:arm64, id:A50E9BF8-0CF2-456A-A2D0-6CC402AA9090, OS:26.2, name:iPad (A16) }
{ platform:iOS Simulator, arch:arm64, id:79FC3762-BD72-4F61-991C-0B660CDB2C6D, OS:26.1, name:iPad Air 11-inch (M3) }
{ platform:iOS Simulator, arch:arm64, id:DD99553A-F12A-4816-B30F-376380CC06B4, OS:26.2, name:iPad Air 11-inch (M3) }
{ platform:iOS Simulator, arch:arm64, id:1A9472A0-4390-4D7C-B857-EAE5D0EB0975, OS:26.1, name:iPad Air 13-inch (M3) }
{ platform:iOS Simulator, arch:arm64, id:E75B31A4-9C7E-495C-8725-FA8826DAC5FE, OS:26.2, name:iPad Air 13-inch (M3) }
{ platform:iOS Simulator, arch:arm64, id:2B715F92-7508-404B-B966-30C37D215A54, OS:26.1, name:iPad Pro 11-inch (M5) }
{ platform:iOS Simulator, arch:arm64, id:9EDF5669-6657-43E4-A3E0-ECB49B3902E2, OS:26.2, name:iPad Pro 11-inch (M5) }
{ platform:iOS Simulator, arch:arm64, id:F3509EE4-ADE6-4CC8-A6CA-3D6EFE1734A4, OS:26.1, name:iPad Pro 13-inch (M5) }
{ platform:iOS Simulator, arch:arm64, id:6AFA3444-7AD4-4B3B-BF43-6A4FF7A3D797, OS:26.2, name:iPad Pro 13-inch (M5) }
{ platform:iOS Simulator, arch:arm64, id:5BB992CF-4406-4D65-BE7A-B6F9C3AEF252, OS:26.1, name:iPad mini (A17 Pro) }
{ platform:iOS Simulator, arch:arm64, id:C018A2C4-12B9-45F4-AECE-AC30516AA75C, OS:26.2, name:iPad mini (A17 Pro) }
{ platform:iOS Simulator, arch:arm64, id:D5DF3EE8-26EA-4003-ABA8-38929DE02097, OS:26.1, name:iPhone 15 }
{ platform:iOS Simulator, arch:arm64, id:77A84AB8-4B20-4A16-B60C-EF3CE9359223, OS:26.1, name:iPhone 16e }
{ platform:iOS Simulator, arch:arm64, id:B228DBBE-4948-4E0C-B709-C2E0B6D901FA, OS:26.2, name:iPhone 16e }
{ platform:iOS Simulator, arch:arm64, id:CB9FFEC9-8D91-4789-89C3-E666F4FB6504, OS:26.1, name:iPhone 17 }
{ platform:iOS Simulator, arch:arm64, id:F53F47E8-20D3-441A-BBB3-24B9F6700687, OS:26.2, name:iPhone 17 }
{ platform:iOS Simulator, arch:arm64, id:DD55AF79-15E0-4937-BB6C-44C4EE0805DD, OS:26.1, name:iPhone 17 Pro }
{ platform:iOS Simulator, arch:arm64, id:988A3597-2F6A-4545-AC3E-079CA5FA19E2, OS:26.2, name:iPhone 17 Pro }
{ platform:iOS Simulator, arch:arm64, id:06074ECB-3BA1-4294-9466-0A23601957C1, OS:26.1, name:iPhone 17 Pro Max }
{ platform:iOS Simulator, arch:arm64, id:483F4AA7-9A08-44BA-8B29-629392AA85CD, OS:26.2, name:iPhone 17 Pro Max }
{ platform:iOS Simulator, arch:arm64, id:5198FE2E-FE3E-462C-9829-D2BD457C63D0, OS:26.1, name:iPhone Air }
{ platform:iOS Simulator, arch:arm64, id:5F8964AA-01DE-475B-99FA-DFEEA14A9250, OS:26.2, name:iPhone Air }
{ platform:iOS, arch:arm64, id:00008120-000A7C400A05A01E, name:Clisamax }
CreateBuildRequest

SendProjectDescription

CreateBuildOperation

** CLEAN SUCCEEDED **

--- xcodebuild: WARNING: Using the first of multiple matching destinations:
{ platform:iOS, id:dvtdevice-DVTiPhonePlaceholder-iphoneos:placeholder, name:Any iOS Device }
{ platform:macOS, arch:arm64, variant:Designed for [iPad,iPhone], id:00008132-000668692653801C, name:My Mac }
{ platform:iOS Simulator, id:dvtdevice-DVTiOSDeviceSimulatorPlaceholder-iphonesimulator:placeholder, name:Any iOS Simulator Device }
{ platform:iOS Simulator, arch:arm64, id:ADCD9AD4-5D06-4240-999B-A146996C751A, OS:26.1, name:iPad (A16) }
{ platform:iOS Simulator, arch:arm64, id:A50E9BF8-0CF2-456A-A2D0-6CC402AA9090, OS:26.2, name:iPad (A16) }
{ platform:iOS Simulator, arch:arm64, id:79FC3762-BD72-4F61-991C-0B660CDB2C6D, OS:26.1, name:iPad Air 11-inch (M3) }
{ platform:iOS Simulator, arch:arm64, id:DD99553A-F12A-4816-B30F-376380CC06B4, OS:26.2, name:iPad Air 11-inch (M3) }
{ platform:iOS Simulator, arch:arm64, id:1A9472A0-4390-4D7C-B857-EAE5D0EB0975, OS:26.1, name:iPad Air 13-inch (M3) }
{ platform:iOS Simulator, arch:arm64, id:E75B31A4-9C7E-495C-8725-FA8826DAC5FE, OS:26.2, name:iPad Air 13-inch (M3) }
{ platform:iOS Simulator, arch:arm64, id:2B715F92-7508-404B-B966-30C37D215A54, OS:26.1, name:iPad Pro 11-inch (M5) }
{ platform:iOS Simulator, arch:arm64, id:9EDF5669-6657-43E4-A3E0-ECB49B3902E2, OS:26.2, name:iPad Pro 11-inch (M5) }
{ platform:iOS Simulator, arch:arm64, id:F3509EE4-ADE6-4CC8-A6CA-3D6EFE1734A4, OS:26.1, name:iPad Pro 13-inch (M5) }
{ platform:iOS Simulator, arch:arm64, id:6AFA3444-7AD4-4B3B-BF43-6A4FF7A3D797, OS:26.2, name:iPad Pro 13-inch (M5) }
{ platform:iOS Simulator, arch:arm64, id:5BB992CF-4406-4D65-BE7A-B6F9C3AEF252, OS:26.1, name:iPad mini (A17 Pro) }
{ platform:iOS Simulator, arch:arm64, id:C018A2C4-12B9-45F4-AECE-AC30516AA75C, OS:26.2, name:iPad mini (A17 Pro) }
{ platform:iOS Simulator, arch:arm64, id:D5DF3EE8-26EA-4003-ABA8-38929DE02097, OS:26.1, name:iPhone 15 }
{ platform:iOS Simulator, arch:arm64, id:77A84AB8-4B20-4A16-B60C-EF3CE9359223, OS:26.1, name:iPhone 16e }
{ platform:iOS Simulator, arch:arm64, id:B228DBBE-4948-4E0C-B709-C2E0B6D901FA, OS:26.2, name:iPhone 16e }
{ platform:iOS Simulator, arch:arm64, id:CB9FFEC9-8D91-4789-89C3-E666F4FB6504, OS:26.1, name:iPhone 17 }
{ platform:iOS Simulator, arch:arm64, id:F53F47E8-20D3-441A-BBB3-24B9F6700687, OS:26.2, name:iPhone 17 }
{ platform:iOS Simulator, arch:arm64, id:DD55AF79-15E0-4937-BB6C-44C4EE0805DD, OS:26.1, name:iPhone 17 Pro }
{ platform:iOS Simulator, arch:arm64, id:988A3597-2F6A-4545-AC3E-079CA5FA19E2, OS:26.2, name:iPhone 17 Pro }
{ platform:iOS Simulator, arch:arm64, id:06074ECB-3BA1-4294-9466-0A23601957C1, OS:26.1, name:iPhone 17 Pro Max }
{ platform:iOS Simulator, arch:arm64, id:483F4AA7-9A08-44BA-8B29-629392AA85CD, OS:26.2, name:iPhone 17 Pro Max }
{ platform:iOS Simulator, arch:arm64, id:5198FE2E-FE3E-462C-9829-D2BD457C63D0, OS:26.1, name:iPhone Air }
{ platform:iOS Simulator, arch:arm64, id:5F8964AA-01DE-475B-99FA-DFEEA14A9250, OS:26.2, name:iPhone Air }
{ platform:iOS, arch:arm64, id:00008120-000A7C400A05A01E, name:Clisamax }
ComputePackagePrebuildTargetDependencyGraph

Prepare packages

CreateBuildRequest

SendProjectDescription

CreateBuildOperation

ComputeTargetDependencyGraph
note: Building targets in dependency order
note: Target dependency graph (1 target)
    Target 'FormCam' in project 'FormCam' (no dependencies)

GatherProvisioningInputs

CreateBuildDescription

ExecuteExternalTool /Applications/Xcode.app/Contents/Developer/Toolchains/XcodeDefault.xctoolchain/usr/bin/clang -v -E -dM -isysroot /Applications/Xcode.app/Contents/Developer/Platforms/iPhoneOS.platform/Developer/SDKs/iPhoneOS26.2.sdk -x c -c /dev/null

ExecuteExternalTool /Applications/Xcode.app/Contents/Developer/Toolchains/XcodeDefault.xctoolchain/usr/bin/clang -v -E -dM -arch arm64 -isysroot /Applications/Xcode.app/Contents/Developer/Platforms/iPhoneOS.platform/Developer/SDKs/iPhoneOS26.2.sdk -x c -c /dev/null

ExecuteExternalTool /Applications/Xcode.app/Contents/Developer/usr/bin/ibtool --version --output-format xml1

ExecuteExternalTool /Applications/Xcode.app/Contents/Developer/usr/bin/actool --print-asset-tag-combinations --output-format xml1 /Users/clisamax/Documents/GITHUB/FormCam/ios/FormCam/Images.xcassets

ExecuteExternalTool /Applications/Xcode.app/Contents/Developer/usr/bin/actool --version --output-format xml1

ExecuteExternalTool /Applications/Xcode.app/Contents/Developer/Toolchains/XcodeDefault.xctoolchain/usr/bin/swiftc --version

ExecuteExternalTool /Applications/Xcode.app/Contents/Developer/Toolchains/XcodeDefault.xctoolchain/usr/bin/ld -version_details

Build description signature: 4f6574da32b2a734caf2213733344be5
Build description path: /Users/clisamax/Documents/GITHUB/FormCam/ios/build/Build/Intermediates.noindex/XCBuildData/4f6574da32b2a734caf2213733344be5.xcbuilddata
/Users/clisamax/Documents/GITHUB/FormCam/ios/FormCam.xcodeproj:1:1: error: Unable to open base configuration reference file '/Users/clisamax/Documents/GITHUB/FormCam/ios/Pods/Target Support Files/Pods-FormCam/Pods-FormCam.debug.xcconfig'. (in target 'FormCam' from project 'FormCam')
note: Run script build phase '[Expo] Configure project' will be run during every build because the option to run the script phase "Based on dependency analysis" is unchecked. (in target 'FormCam' from project 'FormCam')
note: Run script build phase 'Bundle React Native code and images' will be run during every build because the option to run the script phase "Based on dependency analysis" is unchecked. (in target 'FormCam' from project 'FormCam')
** BUILD FAILED **


The following build commands failed:
	Building workspace FormCam with scheme FormCam and configuration Debug
(1 failure)
[2026-02-17 08:30:11] ❌ ERRO: ❌ xcodebuild falhou. Veja o log para detalhes.
