[2026-02-17 04:11:22] 🚀 Iniciando script – 2026-02-17_04-11-22
[2026-02-17 04:11:22] ✅ Node v24.12.0 OK
[2026-02-17 04:11:23] ✅ Yarn 1.22.22 OK
[2026-02-17 04:11:23] ✅ Expo (SDK) local (54.0.23)
[2026-02-17 04:11:23] ✅ Xcode 26.2 OK
[2026-02-17 04:11:25] ✅ CocoaPods 1.16.2 OK
[2026-02-17 04:11:25] ✅ watchman 2026.01.12.00 encontrado
[2026-02-17 04:11:25] ⚠️ idevice_id não encontrado – usarei fallback via system_profiler.
[2026-02-17 04:11:25] 📦 Instalando dependências com Yarn (frozen‑lockfile)…
yarn install v1.22.22
[1/4] Resolving packages...
(node:68593) [DEP0169] DeprecationWarning: `url.parse()` behavior is not standardized and prone to errors that have security implications. Use the WHATWG URL API instead. CVEs are not issued for `url.parse()` vulnerabilities.
(Use `node --trace-deprecation ...` to show where the warning was created)
success Already up-to-date.
Done in 0.55s.
[2026-02-17 04:11:26] 🧹 Limpando artefatos de build anteriores…
[2026-02-17 04:11:26]    • .expo removida
[2026-02-17 04:11:26]    • DerivedData (/Users/clisamax/Library/Developer/Xcode/DerivedData/FormCam-bghffiesmchebqfenymgyejtnsai
/Users/clisamax/Library/Developer/Xcode/DerivedData/FormCam-dafqrjcqenjoxbfbwuupgqbhuhip) removida
[2026-02-17 04:11:26] 🧹 Resetando o cache do Metro…
[2026-02-17 04:11:26] ⚠️  Volume /Volumes/metro-ram está em unknown – reformatação para APFS necessária.
[2026-02-17 04:11:26] ❌ ERRO: Não foi possível encontrar o dispositivo RAM‑disk para reformatação.
