[2026-02-17 03:06:27] 🚀 Iniciando script – 2026-02-17_03-06-27
[2026-02-17 03:06:27] ✅ Node v24.12.0 OK
[2026-02-17 03:06:27] ✅ Yarn 1.22.22 OK
[2026-02-17 03:06:27] ✅ Expo (SDK) local (54.0.23)
[2026-02-17 03:06:27] ✅ Xcode 26.2 OK
[2026-02-17 03:06:27] ✅ CocoaPods 1.16.2 OK
[2026-02-17 03:06:28] ✅ watchman 2026.01.12.00 encontrado
[2026-02-17 03:06:28] ⚠️ idevice_id não encontrado – usarei fallback via system_profiler.
[2026-02-17 03:06:28] 📦 Instalando dependências com Yarn (frozen‑lockfile)…
yarn install v1.22.22
[1/4] Resolving packages...
(node:47317) [DEP0169] DeprecationWarning: `url.parse()` behavior is not standardized and prone to errors that have security implications. Use the WHATWG URL API instead. CVEs are not issued for `url.parse()` vulnerabilities.
(Use `node --trace-deprecation ...` to show where the warning was created)
success Already up-to-date.
Done in 0.15s.
[2026-02-17 03:06:28] 🧹 Limpando artefatos de build anteriores…
[2026-02-17 03:06:28]    • DerivedData (/Users/clisamax/Library/Developer/Xcode/DerivedData/FormCam-bghffiesmchebqfenymgyejtnsai
/Users/clisamax/Library/Developer/Xcode/DerivedData/FormCam-dafqrjcqenjoxbfbwuupgqbhuhip) removida
[2026-02-17 03:06:28] 🧹 Resetando o cache do Metro…
[2026-02-17 03:06:28] ⚠️ /Volumes/metro-ram/metro-cache não está acessível – usando /tmp/metro-cache como fallback.
[2026-02-17 03:06:28]    • METRO_CACHE_DIR = /tmp/metro-cache
[2026-02-17 03:06:28]    • Iniciando Metro em background (gera grafo)…
[2026-02-17 03:06:28] ⏳ Metro ainda indexando (PID=47344)…
  --non-interactive is not supported, use $CI=1 instead
env: load .env
env: export EXPO_PUBLIC_API_URL EXPO_PUBLIC_IMMICH_URL EXPO_PUBLIC_IMMICH_API_KEY
Starting project at /Users/clisamax/Documents/GITHUB/FormCam
Using src/app as the root directory for Expo Router.
Starting Metro Bundler
warning: Bundler cache is empty, rebuilding (this may take a minute)
Waiting on http://localhost:8081
Logs for your project will appear below.
[2026-02-17 03:06:58] ⏳ Metro ainda indexando (PID=47344)…
[2026-02-17 03:07:28] ⏳ Metro ainda indexando (PID=47344)…
[2026-02-17 03:07:58] ⏳ Metro ainda indexando (PID=47344)…
[2026-02-17 03:08:28] ⏳ Metro ainda indexando (PID=47344)…
[2026-02-17 03:08:58] ⏳ Metro ainda indexando (PID=47344)…
[2026-02-17 03:09:28] ⏳ Metro ainda indexando (PID=47344)…
[2026-02-17 03:09:58] ⏳ Metro ainda indexando (PID=47344)…
[2026-02-17 03:10:28] ⏳ Metro ainda indexando (PID=47344)…
[2026-02-17 03:10:58] ⏳ Metro ainda indexando (PID=47344)…
[2026-02-17 03:11:28] ⏳ Metro ainda indexando (PID=47344)…
[2026-02-17 03:11:58] ⏳ Metro ainda indexando (PID=47344)…
[2026-02-17 03:12:28] ⏳ Metro ainda indexando (PID=47344)…
[2026-02-17 03:12:58] ⏳ Metro ainda indexando (PID=47344)…
[2026-02-17 03:13:28] ⏳ Metro ainda indexando (PID=47344)…
[2026-02-17 03:13:58] ⏳ Metro ainda indexando (PID=47344)…
[2026-02-17 03:14:28] ⏳ Metro ainda indexando (PID=47344)…
[2026-02-17 03:14:58] ⏳ Metro ainda indexando (PID=47344)…
[2026-02-17 03:15:28] ⏳ Metro ainda indexando (PID=47344)…
[2026-02-17 03:15:58] ⏳ Metro ainda indexando (PID=47344)…
[2026-02-17 03:16:28] ⏳ Metro ainda indexando (PID=47344)…
[2026-02-17 03:16:58] ⏳ Metro ainda indexando (PID=47344)…
[2026-02-17 03:17:28] ⏳ Metro ainda indexando (PID=47344)…
[2026-02-17 03:17:58] ⏳ Metro ainda indexando (PID=47344)…
[2026-02-17 03:18:28] ⏳ Metro ainda indexando (PID=47344)…
[2026-02-17 03:18:58] ⏳ Metro ainda indexando (PID=47344)…
[2026-02-17 03:19:28] ⏳ Metro ainda indexando (PID=47344)…
[2026-02-17 03:19:58] ⏳ Metro ainda indexando (PID=47344)…
[2026-02-17 03:20:28] ⏳ Metro ainda indexando (PID=47344)…
[2026-02-17 03:20:58] ⏳ Metro ainda indexando (PID=47344)…
[2026-02-17 03:21:28] ⏳ Metro ainda indexando (PID=47344)…
[2026-02-17 03:21:58] ⏳ Metro ainda indexando (PID=47344)…
[2026-02-17 03:22:28] ⏳ Metro ainda indexando (PID=47344)…
[2026-02-17 03:23:00] ⏳ Metro ainda indexando (PID=47344)…
[2026-02-17 03:23:30] ⏳ Metro ainda indexando (PID=47344)…
[2026-02-17 03:24:00] ⏳ Metro ainda indexando (PID=47344)…
[2026-02-17 03:24:30] ⏳ Metro ainda indexando (PID=47344)…
[2026-02-17 03:25:00] ⏳ Metro ainda indexando (PID=47344)…
[2026-02-17 03:25:30] ⏳ Metro ainda indexando (PID=47344)…
[2026-02-17 03:26:00] ⏳ Metro ainda indexando (PID=47344)…
[2026-02-17 03:26:30] ⏳ Metro ainda indexando (PID=47344)…
[2026-02-17 03:27:00] ⏳ Metro ainda indexando (PID=47344)…
[2026-02-17 03:27:30] ⏳ Metro ainda indexando (PID=47344)…
[2026-02-17 03:28:00] ⏳ Metro ainda indexando (PID=47344)…
[2026-02-17 03:28:30] ⏳ Metro ainda indexando (PID=47344)…
[2026-02-17 03:29:00] ⏳ Metro ainda indexando (PID=47344)…
[2026-02-17 03:29:30] ⏳ Metro ainda indexando (PID=47344)…
[2026-02-17 03:30:00] ⏳ Metro ainda indexando (PID=47344)…
[2026-02-17 03:30:31] ⏳ Metro ainda indexando (PID=47344)…
[2026-02-17 03:31:01] ⏳ Metro ainda indexando (PID=47344)…
[2026-02-17 03:31:31] ⏳ Metro ainda indexando (PID=47344)…
[2026-02-17 03:32:01] ⏳ Metro ainda indexando (PID=47344)…
[2026-02-17 03:32:31] ⏳ Metro ainda indexando (PID=47344)…
[2026-02-17 03:33:01] ⏳ Metro ainda indexando (PID=47344)…
[2026-02-17 03:33:31] ⏳ Metro ainda indexando (PID=47344)…
[2026-02-17 03:34:01] ⏳ Metro ainda indexando (PID=47344)…
[2026-02-17 03:34:31] ⏳ Metro ainda indexando (PID=47344)…
[2026-02-17 03:35:01] ⏳ Metro ainda indexando (PID=47344)…
[2026-02-17 03:35:31] ⏳ Metro ainda indexando (PID=47344)…
[2026-02-17 03:36:01] ⏳ Metro ainda indexando (PID=47344)…
[2026-02-17 03:36:31] ⏳ Metro ainda indexando (PID=47344)…
[2026-02-17 03:37:01] ⏳ Metro ainda indexando (PID=47344)…
[2026-02-17 03:37:31] ⏳ Metro ainda indexando (PID=47344)…
[2026-02-17 03:38:01] ⏳ Metro ainda indexando (PID=47344)…
[2026-02-17 03:38:31] ⏳ Metro ainda indexando (PID=47344)…
[2026-02-17 03:39:01] ⏳ Metro ainda indexando (PID=47344)…
[2026-02-17 03:39:31] ⏳ Metro ainda indexando (PID=47344)…
[2026-02-17 03:40:01] ⏳ Metro ainda indexando (PID=47344)…
[2026-02-17 03:40:31] ⏳ Metro ainda indexando (PID=47344)…
[2026-02-17 03:41:01] ⏳ Metro ainda indexando (PID=47344)…
[2026-02-17 03:41:31] ⏳ Metro ainda indexando (PID=47344)…
[2026-02-17 03:42:01] ⏳ Metro ainda indexando (PID=47344)…
[2026-02-17 03:42:31] ⏳ Metro ainda indexando (PID=47344)…
[2026-02-17 03:43:01] ⏳ Metro ainda indexando (PID=47344)…
