[2026-02-17 08:35:27] 🚀 Iniciando script – 2026-02-17_08-35-27
[2026-02-17 08:35:28] ✅ Node v24.12.0 OK
[2026-02-17 08:35:28] ✅ Yarn 4.12.0 OK
[2026-02-17 08:35:28] ✅ Expo (local) 54.0.23
[2026-02-17 08:35:28] ✅ Xcode 26.2 OK
[2026-02-17 08:35:28] ✅ CocoaPods 1.16.2 OK
[2026-02-17 08:35:28] ✅ libimobiledevice (idevicepair) disponível
[2026-02-17 08:35:28] 🚀 Iniciando script – 2026-02-17_08-35-27
[2026-02-17 08:35:28] 🧹 Limpando artefatos da build anterior…
[2026-02-17 08:35:41]    • DerivedData removida (/Users/clisamax/Library/Developer/Xcode/DerivedData/FormCam-bghffiesmchebqfenymgyejtnsai
/Users/clisamax/Library/Developer/Xcode/DerivedData/FormCam-dafqrjcqenjoxbfbwuupgqbhuhip)
[2026-02-17 08:35:41] ✅ Limpeza completa concluída.
[2026-02-17 08:35:41] 📦 Instalando dependências JavaScript (Yarn – frozen‑lockfile)…
➤ YN0050: The --frozen-lockfile option is deprecated; use --immutable and/or --immutable-cache instead

➤ YN0000: · Yarn 4.12.0
➤ YN0000: ┌ Resolution step
➤ YN0000: └ Completed
➤ YN0000: ┌ Post-resolution validation
➤ YN0060: │ react is listed by your project with version 19.1.0 (pf5c6e9), which doesn't satisfy what react-test-renderer and other dependencies request (but they have non-overlapping ranges!).
➤ YN0086: │ Some peer dependencies are incorrectly met by your project; run yarn explain peer-requirements <hash> for details, where <hash> is the six-letter p-prefixed code.
➤ YN0086: │ Some peer dependencies are incorrectly met by dependencies; run yarn explain peer-requirements for details.
➤ YN0000: └ Completed
➤ YN0000: ┌ Fetch step
➤ YN0000: └ Completed in 0s 425ms
➤ YN0000: ┌ Link step
➤ YN0007: │ @biomejs/biome@npm:1.9.2 must be built because it never has been before or the last one failed
➤ YN0007: │ aws-sdk@npm:2.1693.0 must be built because it never has been before or the last one failed
➤ YN0000: └ Completed in 5s 555ms
➤ YN0000: · Done with warnings in 6s 171ms
[2026-02-17 08:35:48] ✅ Yarn install concluído.
[2026-02-17 08:35:48] 🩺 Executando npx expo-doctor…
[2026-02-17 08:35:48] ⚡ expo-doctor não encontrado – instalando como dev‑dependency…
[2026-02-17 08:35:48]    • Executando: yarn
add
-D
expo-doctor
➤ YN0000: · Yarn 4.12.0
➤ YN0000: ┌ Resolution step
➤ YN0000: └ Completed
➤ YN0000: ┌ Post-resolution validation
➤ YN0060: │ react is listed by your project with version 19.1.0 (pf5c6e9), which doesn't satisfy what react-test-renderer and other dependencies request (but they have non-overlapping ranges!).
➤ YN0086: │ Some peer dependencies are incorrectly met by your project; run yarn explain peer-requirements <hash> for details, where <hash> is the six-letter p-prefixed code.
➤ YN0086: │ Some peer dependencies are incorrectly met by dependencies; run yarn explain peer-requirements for details.
➤ YN0000: └ Completed
➤ YN0000: ┌ Fetch step
➤ YN0000: └ Completed in 0s 460ms
➤ YN0000: ┌ Link step
➤ YN0000: └ Completed
➤ YN0000: · Done with warnings in 0s 739ms
[2026-02-17 08:35:49]    • Executando: npx
expo-doctor
env: load .env
env: export EXPO_PUBLIC_API_URL EXPO_PUBLIC_IMMICH_URL EXPO_PUBLIC_IMMICH_API_KEY
Running 17 checks on your project...
17/17 checks passed. No issues detected!
[2026-02-17 08:35:52] ✅ expo-doctor finalizado sem detectar problemas críticos.
[2026-02-17 08:35:52] 📦 Instalando pods iOS (CocoaPods)…
[2026-02-17 08:35:52]    • Executando: npx
expo
prebuild
--clean
ConfigError: The expected package.json path: /Users/clisamax/Documents/GITHUB/FormCam/ios/package.json does not exist
