[2026-02-17 03:43:30] 🚀 Iniciando script – 2026-02-17_03-43-30
[2026-02-17 03:43:30] ✅ Node v24.12.0 OK
[2026-02-17 03:43:30] ✅ Yarn 1.22.22 OK
[2026-02-17 03:43:30] ✅ Expo (SDK) local (54.0.23)
[2026-02-17 03:43:30] ✅ Xcode 26.2 OK
[2026-02-17 03:43:31] ✅ CocoaPods 1.16.2 OK
[2026-02-17 03:43:31] ✅ watchman 2026.01.12.00 encontrado
[2026-02-17 03:43:31] ⚠️ idevice_id não encontrado – usarei fallback via system_profiler.
[2026-02-17 03:43:31] 📦 Instalando dependências com Yarn (frozen‑lockfile)…
yarn install v1.22.22
[1/4] Resolving packages...
(node:55019) [DEP0169] DeprecationWarning: `url.parse()` behavior is not standardized and prone to errors that have security implications. Use the WHATWG URL API instead. CVEs are not issued for `url.parse()` vulnerabilities.
(Use `node --trace-deprecation ...` to show where the warning was created)
success Already up-to-date.
Done in 0.13s.
[2026-02-17 03:43:31] 🧹 Limpando artefatos de build anteriores…
[2026-02-17 03:43:31]    • .expo removida
[2026-02-17 03:43:31]    • DerivedData (/Users/clisamax/Library/Developer/Xcode/DerivedData/FormCam-bghffiesmchebqfenymgyejtnsai
/Users/clisamax/Library/Developer/Xcode/DerivedData/FormCam-dafqrjcqenjoxbfbwuupgqbhuhip) removida
[2026-02-17 03:43:31] 🧹 Resetando o cache do Metro…
[2026-02-17 03:43:31] ⚠️ /Volumes/metro-ram/metro-cache não está acessível – usando /tmp/metro-cache como fallback.
[2026-02-17 03:43:31]    • METRO_CACHE_DIR = /tmp/metro-cache
[2026-02-17 03:43:31]    • Iniciando Metro em background (gera grafo)…
[2026-02-17 03:43:31] ⏳ Metro ainda indexando (PID=55052)…
  --non-interactive is not supported, use $CI=1 instead
env: load .env
env: export EXPO_PUBLIC_API_URL EXPO_PUBLIC_IMMICH_URL EXPO_PUBLIC_IMMICH_API_KEY
Starting project at /Users/clisamax/Documents/GITHUB/FormCam
Using src/app as the root directory for Expo Router.
Starting Metro Bundler
warning: Bundler cache is empty, rebuilding (this may take a minute)
Waiting on http://localhost:8081
Logs for your project will appear below.
[2026-02-17 03:44:01] ⏳ Metro ainda indexando (PID=55052)…
[2026-02-17 03:44:31] ⏳ Metro ainda indexando (PID=55052)…
[2026-02-17 03:45:01] ⏳ Metro ainda indexando (PID=55052)…
[2026-02-17 03:45:31] ⏳ Metro ainda indexando (PID=55052)…
[2026-02-17 03:46:01] ⏳ Metro ainda indexando (PID=55052)…
[2026-02-17 03:46:31] ⏳ Metro ainda indexando (PID=55052)…
[2026-02-17 03:47:01] ⏳ Metro ainda indexando (PID=55052)…
[2026-02-17 03:47:31] ⏳ Metro ainda indexando (PID=55052)…
[2026-02-17 03:48:01] ⏳ Metro ainda indexando (PID=55052)…
[2026-02-17 03:48:31] ⏳ Metro ainda indexando (PID=55052)…
[2026-02-17 03:49:01] ⏳ Metro ainda indexando (PID=55052)…
[2026-02-17 03:49:31] ⏳ Metro ainda indexando (PID=55052)…
[2026-02-17 03:50:01] ⏳ Metro ainda indexando (PID=55052)…
[2026-02-17 03:50:31] ⏳ Metro ainda indexando (PID=55052)…
[2026-02-17 03:51:01] ⏳ Metro ainda indexando (PID=55052)…
[2026-02-17 03:51:31] ⏳ Metro ainda indexando (PID=55052)…
[2026-02-17 03:52:01] ⏳ Metro ainda indexando (PID=55052)…
[2026-02-17 03:52:31] ⏳ Metro ainda indexando (PID=55052)…
[2026-02-17 03:53:01] ⏳ Metro ainda indexando (PID=55052)…
[2026-02-17 03:53:31] ⏳ Metro ainda indexando (PID=55052)…
[2026-02-17 03:54:01] ⏳ Metro ainda indexando (PID=55052)…
[2026-02-17 03:54:32] ⏳ Metro ainda indexando (PID=55052)…
[2026-02-17 03:55:02] ⏳ Metro ainda indexando (PID=55052)…
[2026-02-17 03:55:32] ⏳ Metro ainda indexando (PID=55052)…
[2026-02-17 03:56:02] ⏳ Metro ainda indexando (PID=55052)…
[2026-02-17 03:56:32] ⏳ Metro ainda indexando (PID=55052)…
[2026-02-17 03:57:02] ⏳ Metro ainda indexando (PID=55052)…
[2026-02-17 03:57:32] ⏳ Metro ainda indexando (PID=55052)…
[2026-02-17 03:58:02] ⏳ Metro ainda indexando (PID=55052)…
[2026-02-17 03:58:32] ⏳ Metro ainda indexando (PID=55052)…
