[2026-02-17 08:02:35] 🚀 Iniciando script – 2026-02-17_08-02-35
[2026-02-17 08:02:35] ✅ Node v24.12.0 OK
[2026-02-17 08:02:35] ✅ Yarn 4.12.0 OK
[2026-02-17 08:02:35] ⚠️ Expo não encontrado localmente – usando npx (versão 0)
[2026-02-17 08:02:35] ✅ Xcode 26.2 OK
[2026-02-17 08:02:39] ✅ CocoaPods 1.16.2 OK
[2026-02-17 08:02:39] ✅ libimobiledevice (idevicepair) disponível
[2026-02-17 08:02:39] 🚀 Iniciando script – 2026-02-17_08-02-35
[2026-02-17 08:02:39] 🧹 Limpando artefatos da build anterior…
[2026-02-17 08:02:58]    • DerivedData removida (/Users/clisamax/Library/Developer/Xcode/DerivedData/FormCam-bghffiesmchebqfenymgyejtnsai
/Users/clisamax/Library/Developer/Xcode/DerivedData/FormCam-dafqrjcqenjoxbfbwuupgqbhuhip)
[2026-02-17 08:02:58] ✅ Limpeza completa concluída.
[2026-02-17 08:02:58] 📦 Instalando dependências JavaScript (Yarn – frozen‑lockfile)…
➤ YN0050: The --frozen-lockfile option is deprecated; use --immutable and/or --immutable-cache instead

➤ YN0000: · Yarn 4.12.0
➤ YN0000: ┌ Resolution step
➤ YN0000: └ Completed
➤ YN0000: ┌ Post-resolution validation
➤ YN0060: │ react is listed by your project with version 19.1.0 (pf5c6e9), which doesn't satisfy what react-test-renderer and other dependencies request (but they have non-overlapping ranges!).
➤ YN0086: │ Some peer dependencies are incorrectly met by your project; run yarn explain peer-requirements <hash> for details, where <hash> is the six-letter p-prefixed code.
➤ YN0086: │ Some peer dependencies are incorrectly met by dependencies; run yarn explain peer-requirements for details.
➤ YN0000: └ Completed
➤ YN0000: ┌ Fetch step
➤ YN0000: └ Completed in 0s 481ms
➤ YN0000: ┌ Link step
➤ YN0007: │ @biomejs/biome@npm:1.9.2 must be built because it never has been before or the last one failed
➤ YN0007: │ aws-sdk@npm:2.1693.0 must be built because it never has been before or the last one failed
➤ YN0000: └ Completed in 1m 26s
➤ YN0000: · Done with warnings in 1m 27s
[2026-02-17 08:04:25] ✅ Yarn install concluído.
[2026-02-17 08:04:26] 🔧 Atualizando expo-modules-core para a versão recomendada…
[2026-02-17 08:04:26]    • Executando: npx
expo
install
expo-modules-core
