[2026-02-17 07:02:49] 🚀 Iniciando script – 2026-02-17_07-02-49
[2026-02-17 07:02:49] ✅ Node v24.12.0 OK
[2026-02-17 07:02:49] ✅ Yarn 1.22.22 OK
[2026-02-17 07:02:49] ✅ Expo (local) 54.0.23
[2026-02-17 07:02:49] ✅ Xcode 26.2 OK
[2026-02-17 07:02:50] ✅ CocoaPods 1.16.2 OK
[2026-02-17 07:02:50] ✅ libimobiledevice (idevicepair) disponível
[2026-02-17 07:02:50] 🧹 Limpando artefatos da build anterior…
[2026-02-17 07:03:09]    • DerivedData removida (/Users/clisamax/Library/Developer/Xcode/DerivedData/FormCam-bghffiesmchebqfenymgyejtnsai
/Users/clisamax/Library/Developer/Xcode/DerivedData/FormCam-dafqrjcqenjoxbfbwuupgqbhuhip)
[2026-02-17 07:03:09] ✅ Limpeza completa concluída.
[2026-02-17 07:03:09] 📦 Instalando dependências JavaScript (Yarn – frozen‑lockfile)…
yarn install v1.22.22
[1/4] Resolving packages...
(node:42331) [DEP0169] DeprecationWarning: `url.parse()` behavior is not standardized and prone to errors that have security implications. Use the WHATWG URL API instead. CVEs are not issued for `url.parse()` vulnerabilities.
(Use `node --trace-deprecation ...` to show where the warning was created)
[2/4] Fetching packages...
[3/4] Linking dependencies...
warning "@types/react-native-datepicker > react-native@0.84.0" has incorrect peer dependency "react@^19.2.3".
warning "expo-module-scripts > eslint-config-universe@15.0.3" has unmet peer dependency "eslint@>=8.10".
warning "expo-module-scripts > eslint-config-universe > @typescript-eslint/eslint-plugin@8.56.0" has unmet peer dependency "eslint@^8.57.0 || ^9.0.0 || ^10.0.0".
warning "expo-module-scripts > eslint-config-universe > @typescript-eslint/parser@8.56.0" has unmet peer dependency "eslint@^8.57.0 || ^9.0.0 || ^10.0.0".
warning "expo-module-scripts > eslint-config-universe > eslint-config-prettier@9.1.2" has unmet peer dependency "eslint@>=7.0.0".
warning "expo-module-scripts > eslint-config-universe > eslint-plugin-import@2.32.0" has unmet peer dependency "eslint@^2 || ^3 || ^4 || ^5 || ^6 || ^7.2.0 || ^8 || ^9".
warning "expo-module-scripts > eslint-config-universe > eslint-plugin-n@17.24.0" has unmet peer dependency "eslint@>=8.23.0".
warning "expo-module-scripts > eslint-config-universe > eslint-plugin-node@11.1.0" has unmet peer dependency "eslint@>=5.16.0".
warning "expo-module-scripts > eslint-config-universe > eslint-plugin-prettier@5.5.5" has unmet peer dependency "eslint@>=8.0.0".
warning "expo-module-scripts > eslint-config-universe > eslint-plugin-prettier@5.5.5" has unmet peer dependency "prettier@>=3.0.0".
warning "expo-module-scripts > eslint-config-universe > eslint-plugin-react@7.37.5" has unmet peer dependency "eslint@^3 || ^4 || ^5 || ^6 || ^7 || ^8 || ^9.7".
warning "expo-module-scripts > eslint-config-universe > eslint-plugin-react-hooks@5.2.0" has unmet peer dependency "eslint@^3.0.0 || ^4.0.0 || ^5.0.0 || ^6.0.0 || ^7.0.0 || ^8.0.0-0 || ^9.0.0".
warning "expo-module-scripts > eslint-config-universe > @typescript-eslint/eslint-plugin > @typescript-eslint/type-utils@8.56.0" has unmet peer dependency "eslint@^8.57.0 || ^9.0.0 || ^10.0.0".
warning "expo-module-scripts > eslint-config-universe > @typescript-eslint/eslint-plugin > @typescript-eslint/utils@8.56.0" has unmet peer dependency "eslint@^8.57.0 || ^9.0.0 || ^10.0.0".
warning "expo-module-scripts > eslint-config-universe > eslint-plugin-n > @eslint-community/eslint-utils@4.9.1" has unmet peer dependency "eslint@^6.0.0 || ^7.0.0 || >=8.0.0".
warning "expo-module-scripts > eslint-config-universe > eslint-plugin-n > eslint-plugin-es-x@7.8.0" has unmet peer dependency "eslint@>=8".
warning "expo-module-scripts > eslint-config-universe > eslint-plugin-node > eslint-plugin-es@3.0.1" has unmet peer dependency "eslint@>=4.19.1".
warning "expo-module-scripts > eslint-config-universe > eslint-plugin-n > eslint-plugin-es-x > eslint-compat-utils@0.5.1" has unmet peer dependency "eslint@>=6.0.0".
warning " > react-test-renderer@18.2.0" has incorrect peer dependency "react@^18.2.0".
warning "react-test-renderer > react-shallow-renderer@16.15.0" has incorrect peer dependency "react@^16.0.0 || ^17.0.0 || ^18.0.0".
warning Workspaces can only be enabled in private projects.
[4/4] Building fresh packages...
Done in 64.68s.
[2026-02-17 07:04:14] ✅ Yarn install concluído.
[2026-02-17 07:04:14] 🔧 Atualizando expo-modules-core para a versão recomendada…
[2026-02-17 07:04:14]    • Executando: npx
expo
install
expo-modules-core
env: load .env
env: export EXPO_PUBLIC_API_URL EXPO_PUBLIC_IMMICH_URL EXPO_PUBLIC_IMMICH_API_KEY
› Installing 1 SDK 53.0.0 compatible native module using yarn
> yarn add expo-modules-core@~2.5.0
yarn add v1.22.22
(node:44807) [DEP0169] DeprecationWarning: `url.parse()` behavior is not standardized and prone to errors that have security implications. Use the WHATWG URL API instead. CVEs are not issued for `url.parse()` vulnerabilities.
(Use `node --trace-deprecation ...` to show where the warning was created)
[1/4] Resolving packages...
[2/4] Fetching packages...
[3/4] Linking dependencies...
warning "@types/react-native-datepicker > react-native@0.84.0" has incorrect peer dependency "react@^19.2.3".
warning "expo-module-scripts > eslint-config-universe@15.0.3" has unmet peer dependency "eslint@>=8.10".
warning "expo-module-scripts > eslint-config-universe > @typescript-eslint/eslint-plugin@8.56.0" has unmet peer dependency "eslint@^8.57.0 || ^9.0.0 || ^10.0.0".
warning "expo-module-scripts > eslint-config-universe > @typescript-eslint/parser@8.56.0" has unmet peer dependency "eslint@^8.57.0 || ^9.0.0 || ^10.0.0".
warning "expo-module-scripts > eslint-config-universe > eslint-config-prettier@9.1.2" has unmet peer dependency "eslint@>=7.0.0".
warning "expo-module-scripts > eslint-config-universe > eslint-plugin-import@2.32.0" has unmet peer dependency "eslint@^2 || ^3 || ^4 || ^5 || ^6 || ^7.2.0 || ^8 || ^9".
warning "expo-module-scripts > eslint-config-universe > eslint-plugin-n@17.24.0" has unmet peer dependency "eslint@>=8.23.0".
warning "expo-module-scripts > eslint-config-universe > eslint-plugin-node@11.1.0" has unmet peer dependency "eslint@>=5.16.0".
warning "expo-module-scripts > eslint-config-universe > eslint-plugin-prettier@5.5.5" has unmet peer dependency "eslint@>=8.0.0".
warning "expo-module-scripts > eslint-config-universe > eslint-plugin-prettier@5.5.5" has unmet peer dependency "prettier@>=3.0.0".
warning "expo-module-scripts > eslint-config-universe > eslint-plugin-react@7.37.5" has unmet peer dependency "eslint@^3 || ^4 || ^5 || ^6 || ^7 || ^8 || ^9.7".
warning "expo-module-scripts > eslint-config-universe > eslint-plugin-react-hooks@5.2.0" has unmet peer dependency "eslint@^3.0.0 || ^4.0.0 || ^5.0.0 || ^6.0.0 || ^7.0.0 || ^8.0.0-0 || ^9.0.0".
warning "expo-module-scripts > eslint-config-universe > @typescript-eslint/eslint-plugin > @typescript-eslint/type-utils@8.56.0" has unmet peer dependency "eslint@^8.57.0 || ^9.0.0 || ^10.0.0".
warning "expo-module-scripts > eslint-config-universe > @typescript-eslint/eslint-plugin > @typescript-eslint/utils@8.56.0" has unmet peer dependency "eslint@^8.57.0 || ^9.0.0 || ^10.0.0".
warning "expo-module-scripts > eslint-config-universe > eslint-plugin-n > @eslint-community/eslint-utils@4.9.1" has unmet peer dependency "eslint@^6.0.0 || ^7.0.0 || >=8.0.0".
warning "expo-module-scripts > eslint-config-universe > eslint-plugin-n > eslint-plugin-es-x@7.8.0" has unmet peer dependency "eslint@>=8".
warning "expo-module-scripts > eslint-config-universe > eslint-plugin-node > eslint-plugin-es@3.0.1" has unmet peer dependency "eslint@>=4.19.1".
warning "expo-module-scripts > eslint-config-universe > eslint-plugin-n > eslint-plugin-es-x > eslint-compat-utils@0.5.1" has unmet peer dependency "eslint@>=6.0.0".
warning " > react-test-renderer@18.2.0" has incorrect peer dependency "react@^18.2.0".
warning "react-test-renderer > react-shallow-renderer@16.15.0" has incorrect peer dependency "react@^16.0.0 || ^17.0.0 || ^18.0.0".
warning Workspaces can only be enabled in private projects.
[4/4] Building fresh packages...
warning Workspaces can only be enabled in private projects.
success Saved 0 new dependencies.
Done in 5.38s.
[2026-02-17 07:04:22] ✅ expo-modules-core atualizado.
[2026-02-17 07:04:22] 🩺 Executando npx expo-doctor…
[2026-02-17 07:04:22] ⚡ expo-doctor não encontrado – instalando temporariamente...
[2026-02-17 07:04:22]    • Executando: npm
i
-D
expo-doctor
npm warn ERESOLVE overriding peer dependency
npm warn While resolving: @typescript-eslint/eslint-plugin@8.56.0
npm warn Found: typescript@5.9.3
npm warn node_modules/@typescript-eslint/eslint-plugin/node_modules/typescript
npm warn   peer typescript@">=4.8.4" from ts-api-utils@2.4.0
npm warn   node_modules/@typescript-eslint/eslint-plugin/node_modules/ts-api-utils
npm warn     ts-api-utils@"^2.4.0" from @typescript-eslint/eslint-plugin@8.56.0
npm warn     node_modules/@typescript-eslint/eslint-plugin
npm warn     2 more (@typescript-eslint/type-utils, @typescript-eslint/typescript-estree)
npm warn   5 more (@typescript-eslint/project-service, ...)
npm warn
npm warn Could not resolve dependency:
npm warn peer typescript@">=4.8.4 <6.0.0" from @typescript-eslint/eslint-plugin@8.56.0
npm warn node_modules/@typescript-eslint/eslint-plugin
npm warn   @typescript-eslint/eslint-plugin@"^8.29.1" from eslint-config-universe@15.0.3
npm warn   node_modules/eslint-config-universe
npm warn ERESOLVE overriding peer dependency
npm warn While resolving: @typescript-eslint/parser@8.56.0
npm warn Found: typescript@5.9.3
npm warn node_modules/@typescript-eslint/parser/node_modules/typescript
npm warn   peer typescript@">=4.8.4" from ts-api-utils@2.4.0
npm warn   node_modules/@typescript-eslint/parser/node_modules/ts-api-utils
npm warn     ts-api-utils@"^2.4.0" from @typescript-eslint/typescript-estree@8.56.0
npm warn     node_modules/@typescript-eslint/parser/node_modules/@typescript-eslint/typescript-estree
npm warn   3 more (@typescript-eslint/project-service, ...)
npm warn
npm warn Could not resolve dependency:
npm warn peer typescript@">=4.8.4 <6.0.0" from @typescript-eslint/parser@8.56.0
npm warn node_modules/@typescript-eslint/parser
npm warn   @typescript-eslint/parser@"^8.29.1" from eslint-config-universe@15.0.3
npm warn   node_modules/eslint-config-universe
npm warn   1 more (@typescript-eslint/eslint-plugin)
npm warn ERESOLVE overriding peer dependency
npm warn While resolving: react-shallow-renderer@16.15.0
npm warn Found: react@19.0.0
npm warn node_modules/react
npm warn   peer react@"*" from expo@54.0.33
npm warn   node_modules/expo
npm warn     peerOptional expo@"*" from babel-preset-expo@54.0.10
npm warn     node_modules/expo/node_modules/babel-preset-expo
npm warn     30 more (expo-constants, expo-file-system, expo-font, expo-asset, ...)
npm warn   40 more (expo-modules-core, expo-font, @expo/vector-icons, ...)
npm warn
npm warn Could not resolve dependency:
npm warn peer react@"^16.0.0 || ^17.0.0 || ^18.0.0" from react-shallow-renderer@16.15.0
npm warn node_modules/react-shallow-renderer
npm warn   react-shallow-renderer@"^16.15.0" from react-test-renderer@18.2.0
npm warn   node_modules/react-test-renderer
npm warn
npm warn Conflicting peer dependency: react@18.3.1
npm warn node_modules/react
npm warn   peer react@"^16.0.0 || ^17.0.0 || ^18.0.0" from react-shallow-renderer@16.15.0
npm warn   node_modules/react-shallow-renderer
npm warn     react-shallow-renderer@"^16.15.0" from react-test-renderer@18.2.0
npm warn     node_modules/react-test-renderer
npm error code ERESOLVE
npm error ERESOLVE could not resolve
npm error
npm error While resolving: react-test-renderer@18.2.0
npm error Found: react@19.0.0
npm error node_modules/react
npm error   peer react@"*" from expo@54.0.33
npm error   node_modules/expo
npm error     peerOptional expo@"*" from babel-preset-expo@54.0.10
npm error     node_modules/expo/node_modules/babel-preset-expo
npm error       babel-preset-expo@"~54.0.10" from expo@54.0.33
npm error     peer expo@"*" from expo-constants@18.0.13
npm error     node_modules/expo/node_modules/expo-constants
npm error       expo-constants@"~18.0.13" from expo@54.0.33
npm error     29 more (expo-file-system, expo-font, expo-asset, expo-constants, ...)
npm error   peer react@"*" from expo-modules-core@3.0.29
npm error   node_modules/expo/node_modules/expo-modules-core
npm error     expo-modules-core@"3.0.29" from expo@54.0.33
npm error     node_modules/expo
npm error       peerOptional expo@"*" from babel-preset-expo@54.0.10
npm error       node_modules/expo/node_modules/babel-preset-expo
npm error         babel-preset-expo@"~54.0.10" from expo@54.0.33
npm error       30 more (expo-constants, expo-file-system, expo-font, expo-asset, ...)
npm error   39 more (expo-font, @expo/vector-icons, expo-asset, expo-camera, ...)
npm error
npm error Could not resolve dependency:
npm error peer react@"^18.2.0" from react-test-renderer@18.2.0
npm error node_modules/react-test-renderer
npm error   peer react-test-renderer@">=18.2.0" from @testing-library/react-native@13.3.3
npm error   node_modules/@testing-library/react-native
npm error     @testing-library/react-native@"^13.1.0" from expo-module-scripts@4.1.10
npm error     node_modules/expo-module-scripts
npm error       dev expo-module-scripts@"^4.1.10" from the root project
npm error   dev react-test-renderer@"18.2.0" from the root project
npm error
npm error Conflicting peer dependency: react@18.3.1
npm error node_modules/react
npm error   peer react@"^18.2.0" from react-test-renderer@18.2.0
npm error   node_modules/react-test-renderer
npm error     peer react-test-renderer@">=18.2.0" from @testing-library/react-native@13.3.3
npm error     node_modules/@testing-library/react-native
npm error       @testing-library/react-native@"^13.1.0" from expo-module-scripts@4.1.10
npm error       node_modules/expo-module-scripts
npm error         dev expo-module-scripts@"^4.1.10" from the root project
npm error     dev react-test-renderer@"18.2.0" from the root project
npm error
npm error Fix the upstream dependency conflict, or retry
npm error this command with --force or --legacy-peer-deps
npm error to accept an incorrect (and potentially broken) dependency resolution.
npm error
npm error
npm error For a full report see:
npm error /Users/clisamax/.npm/_logs/2026-02-17T10_04_22_319Z-eresolve-report.txt
npm error A complete log of this run can be found in: /Users/clisamax/.npm/_logs/2026-02-17T10_04_22_319Z-debug-0.log
[2026-02-17 07:04:30] ❌ ERRO: ❌ Falha ao instalar expo-doctor.
