[2026-02-17 05:36:42] 🚀 Iniciando script – 2026-02-17_05-36-42
[2026-02-17 05:36:42] ✅ Node v24.12.0 OK
[2026-02-17 05:36:42] ✅ Yarn 1.22.22 OK
[2026-02-17 05:36:42] ✅ Expo (SDK) local (54.0.23)
[2026-02-17 05:36:42] ✅ Xcode 26.2 OK
[2026-02-17 05:36:42] ✅ CocoaPods 1.16.2 OK
[2026-02-17 05:36:42] ✅ watchman 2026.01.12.00 encontrado
[2026-02-17 05:36:42] ⚠️ idevice_id não encontrado – usarei fallback via system_profiler.
[2026-02-17 05:36:42] 📦 Instalando dependências com Yarn (frozen‑lockfile)…
yarn install v1.22.22
[1/4] Resolving packages...
(node:213) [DEP0169] DeprecationWarning: `url.parse()` behavior is not standardized and prone to errors that have security implications. Use the WHATWG URL API instead. CVEs are not issued for `url.parse()` vulnerabilities.
(Use `node --trace-deprecation ...` to show where the warning was created)
success Already up-to-date.
Done in 0.13s.
[2026-02-17 05:36:43] 🧹 Limpando artefatos de build anteriores…
[2026-02-17 05:36:43]    • ios/build removida
[2026-02-17 05:36:43]    • .expo removida
[2026-02-17 05:36:43]    • DerivedData (/Users/clisamax/Library/Developer/Xcode/DerivedData/FormCam-bghffiesmchebqfenymgyejtnsai
/Users/clisamax/Library/Developer/Xcode/DerivedData/FormCam-dafqrjcqenjoxbfbwuupgqbhuhip) removida
[2026-02-17 05:36:43] ⚠️  Porta 8081 já está em uso (PID 99000) – desligando.
[2026-02-17 05:36:43] ✅  Porta 8081 liberada.
[2026-02-17 05:36:43] 🧹 Resetando o cache do Metro…
[2026-02-17 05:36:43]    • Criando RAM‑disk de 2g (primeira tentativa)…
[2026-02-17 05:36:43]    • -size não suportado – usando fallback baseado em setores
[2026-02-17 05:36:43]    • RAM‑disk criado via setores (/dev/disk27         	                               	)
[2026-02-17 05:36:43]    • Device limpo = /dev/disk27
[2026-02-17 05:36:43]    • Formatando como APFS (nome: metro-ram)…
[2026-02-17 05:36:45] ✅  RAM‑disk criado e montado em /Volumes/metro-ram
[2026-02-17 05:36:45]    • METRO_CACHE_DIR = /Volumes/metro-ram/metro-cache
[2026-02-17 05:36:45]    • Iniciando Metro em background (gera grafo)…
[2026-02-17 05:36:45] ⏳ Metro ainda indexando (0s, PID=337) – cache   0B
2026-02-17T08:36:45.348Z expo:telemetry Switching strategy from detached to instant
2026-02-17T08:36:45.376Z expo:telemetry Recording 1 event(s)
2026-02-17T08:36:45.382Z expo:env Loaded environment variables from: /Users/clisamax/Documents/GITHUB/FormCam/.env
2026-02-17T08:36:45.382Z expo:env /Users/clisamax/Documents/GITHUB/FormCam/.env.development does not exist, skipping this env file
2026-02-17T08:36:45.382Z expo:env /Users/clisamax/Documents/GITHUB/FormCam/.env.local does not exist, skipping this env file
2026-02-17T08:36:45.382Z expo:env /Users/clisamax/Documents/GITHUB/FormCam/.env.development.local does not exist, skipping this env file
env: load .env
env: export EXPO_PUBLIC_API_URL EXPO_PUBLIC_IMMICH_URL EXPO_PUBLIC_IMMICH_API_KEY
2026-02-17T08:36:45.446Z expo:utils:scheme ios application Info.plist path: FormCam/Info.plist
2026-02-17T08:36:45.450Z expo:utils:scheme ios application schemes: [ 'formcam', 'com.clisamax.FormCam', 'exp+formcam' ]
2026-02-17T08:36:45.465Z expo:utils:scheme expected error collecting android application schemes for the main activity: TypeError: Cannot read properties of null (reading 'manifest')
    at isManifest (/Users/clisamax/Documents/GITHUB/FormCam/node_modules/@expo/config-plugins/build/android/Manifest.js:73:16)
    at Object.readAndroidManifestAsync (/Users/clisamax/Documents/GITHUB/FormCam/node_modules/@expo/config-plugins/build/android/Manifest.js:66:8)
    at async getSchemesForAndroidAsync (/Users/clisamax/Documents/GITHUB/FormCam/node_modules/@expo/cli/build/src/utils/scheme.js:155:26)
    at async Promise.all (index 1)
    at async getOptionalDevClientSchemeAsync (/Users/clisamax/Documents/GITHUB/FormCam/node_modules/@expo/cli/build/src/utils/scheme.js:182:28)
    at async resolveSchemeAsync (/Users/clisamax/Documents/GITHUB/FormCam/node_modules/@expo/cli/build/src/start/resolveOptions.js:99:32)
    at async resolveOptionsAsync (/Users/clisamax/Documents/GITHUB/FormCam/node_modules/@expo/cli/build/src/start/resolveOptions.js:70:20)
    at async expoStart (/Users/clisamax/Documents/GITHUB/FormCam/node_modules/@expo/cli/build/src/start/index.js:140:21)
Starting project at /Users/clisamax/Documents/GITHUB/FormCam
2026-02-17T08:36:45.511Z expo:utils:fileNotifier Observing /Users/clisamax/Documents/GITHUB/FormCam/babel.config.js
2026-02-17T08:36:45.577Z expo:start:server:devServer Stopping dev server (bundler: metro)
2026-02-17T08:36:45.577Z expo:start:server:devServer Stopped dev server (bundler: metro)
Using src/app as the root directory for Expo Router.
2026-02-17T08:36:45.777Z expo:metro:config react-native-reanimated package.json: /Users/clisamax/Documents/GITHUB/FormCam/node_modules/react-native-reanimated/package.json
2026-02-17T08:36:45.780Z expo:metro:config react-native-reanimated package.json: /Users/clisamax/Documents/GITHUB/FormCam/node_modules/react-native-reanimated/package.json

Expo Metro config:
- Version: 54.0.14
- Extensions: ts, tsx, mjs, js, jsx, json, cjs, scss, sass, css
- React Native: /Users/clisamax/Documents/GITHUB/FormCam/node_modules/react-native
- Watch Folders: 
- Node Module Paths: 
- Sass: null
- Reanimated: 3.17.5
- Worklets: null
- Babel Runtime: null


Expo Metro config:
- Version: 54.0.14
- Extensions: ts, tsx, mjs, js, jsx, json, cjs, scss, sass, css
- React Native: /Users/clisamax/Documents/GITHUB/FormCam/node_modules/react-native
- Watch Folders: 
- Node Module Paths: 
- Sass: null
- Reanimated: 3.17.5
- Worklets: null
- Babel Runtime: null

2026-02-17T08:36:45.870Z expo:metro:withMetroResolvers Appending 8 custom resolvers to Metro config. (has custom resolver: false)
2026-02-17T08:36:45.892Z expo:start:server:urlCreator URL: http://127.0.0.1:8081
Metro is running in CI mode, reloads are disabled. Remove CI=true to enable watch mode.
Starting Metro Bundler
warning: Bundler cache is empty, rebuilding (this may take a minute)
2026-02-17T08:36:45.992Z expo:start:server:middleware:serveStatic Serving static files from: /Users/clisamax/Documents/GITHUB/FormCam/public
2026-02-17T08:36:46.109Z expo:start:server:urlCreator URL: http://192.168.0.6:8081
2026-02-17T08:36:46.109Z expo:start:server:urlCreator Dev client URL: exp+formcam://expo-development-client/?url=http%3A%2F%2F192.168.0.6%3A8081 -- manifestUrl: http://192.168.0.6:8081 -- {}
2026-02-17T08:36:46.110Z expo:start:server:developmentSession This project will not be suggested in Expo Go or Dev Clients because Expo CLI is running in CI.
2026-02-17T08:36:46.110Z expo:utils:fileNotifier Observing /Users/clisamax/Documents/GITHUB/FormCam/metro.config.js
2026-02-17T08:36:46.110Z expo:start:server:metro:waitForTypescript Watching file changes: [
  '/Users/clisamax/Documents/GITHUB/FormCam/.env.development.local',
  '/Users/clisamax/Documents/GITHUB/FormCam/.env.local',
  '/Users/clisamax/Documents/GITHUB/FormCam/.env.development',
  '/Users/clisamax/Documents/GITHUB/FormCam/.env'
]
2026-02-17T08:36:46.111Z expo:doctor:typescriptSupport Ensuring TypeScript support is setup
2026-02-17T08:36:46.123Z expo:doctor:apple:simulatorApp Simulator app id: com.apple.iphonesimulator
2026-02-17T08:36:46.126Z expo:doctor:dependencies:getMissingPackages Required package "typescript" found (no version constraint specified).
2026-02-17T08:36:46.127Z expo:doctor:dependencies:getMissingPackages Required package "@types/react" found (no version constraint specified).
2026-02-17T08:36:46.128Z expo:typed-routes Ensuring typed routes side-effects are setup (experiments.typedRoutes: true, typesDirectory: /Users/clisamax/Documents/GITHUB/FormCam/.expo/types)
Waiting on http://localhost:8081
Logs for your project will appear below.
2026-02-17T08:36:46.132Z expo:start:server:metro:metroWatchTypeScriptFiles Waiting for TypeScript files to be added to the project...
[2026-02-17 05:36:55] ✅ Metro sinalizou prontidão (READY)!
[2026-02-17 05:36:55] ✅ Cache reconstruído/aquecido com sucesso (tempo: 10s).
[2026-02-17 05:36:55]    • RAM‑disk desmontado (sudo)
[2026-02-17 05:36:55] 🔧 Atualizando Pods…
Using Expo modules
[Expo] Enabling modular headers for pod ExpoModulesCore
[Expo] Enabling modular headers for pod React-RCTAppDelegate
[Expo] Enabling modular headers for pod React-RCTFabric
[Expo] Enabling modular headers for pod ReactAppDependencyProvider
[Expo] Enabling modular headers for pod React-Core
[Expo] Enabling modular headers for pod RCT-Folly
[Expo] Enabling modular headers for pod glog
[Expo] Enabling modular headers for pod ReactCodegen
[Expo] Enabling modular headers for pod RCTRequired
[Expo] Enabling modular headers for pod RCTTypeSafety
[Expo] Enabling modular headers for pod ReactCommon
[Expo] Enabling modular headers for pod React-NativeModulesApple
[Expo] Enabling modular headers for pod Yoga
[Expo] Enabling modular headers for pod React-Fabric
[Expo] Enabling modular headers for pod React-graphics
[Expo] Enabling modular headers for pod React-utils
[Expo] Enabling modular headers for pod React-featureflags
[Expo] Enabling modular headers for pod React-debug
[Expo] Enabling modular headers for pod React-ImageManager
[Expo] Enabling modular headers for pod React-rendererdebug
[Expo] Enabling modular headers for pod DoubleConversion
[Expo] Enabling modular headers for pod React-jsi
[Expo] Enabling modular headers for pod React-renderercss
[Expo] Enabling modular headers for pod hermes-engine
[Expo] Enabling modular headers for pod React-hermes
[Expo] Enabling modular headers for pod ZXingObjC
[Expo] Enabling modular headers for pod expo-dev-menu-interface
[Expo] Enabling modular headers for pod EXManifests
[Expo] Enabling modular headers for pod EXUpdatesInterface
[Expo] Enabling modular headers for pod expo-dev-menu
[Expo] Enabling modular headers for pod React-jsinspector
[Expo] Enabling modular headers for pod expo-dev-launcher
[Expo] Enabling modular headers for pod EXImageLoader
[Expo] Enabling modular headers for pod SDWebImageWebPCoder
[Expo] Enabling modular headers for pod EXStructuredHeaders
[Expo] Enabling modular headers for pod EASClient
[Expo] Enabling modular headers for pod ReachabilitySwift
Found 9 modules for target `FormCam`
link_native_modules! {:ios_packages=>[{:configurations=>[], :name=>"@react-native-async-storage/async-storage", :root=>"/Users/clisamax/Documents/GITHUB/FormCam/node_modules/@react-native-async-storage/async-storage", :path=>"../node_modules/@react-native-async-storage/async-storage", :podspec_path=>"/Users/clisamax/Documents/GITHUB/FormCam/node_modules/@react-native-async-storage/async-storage/RNCAsyncStorage.podspec", :script_phases=>[]}, {:configurations=>[], :name=>"@react-native-community/datetimepicker", :root=>"/Users/clisamax/Documents/GITHUB/FormCam/node_modules/@react-native-community/datetimepicker", :path=>"../node_modules/@react-native-community/datetimepicker", :podspec_path=>"/Users/clisamax/Documents/GITHUB/FormCam/node_modules/@react-native-community/datetimepicker/RNDateTimePicker.podspec", :script_phases=>[]}, {:configurations=>[], :name=>"@react-native-community/netinfo", :root=>"/Users/clisamax/Documents/GITHUB/FormCam/node_modules/@react-native-community/netinfo", :path=>"../node_modules/@react-native-community/netinfo", :podspec_path=>"/Users/clisamax/Documents/GITHUB/FormCam/node_modules/@react-native-community/netinfo/react-native-netinfo.podspec", :script_phases=>[]}, {:configurations=>[], :name=>"expo", :root=>"/Users/clisamax/Documents/GITHUB/FormCam/node_modules/expo", :path=>"../node_modules/expo", :podspec_path=>"/Users/clisamax/Documents/GITHUB/FormCam/node_modules/expo/Expo.podspec", :script_phases=>[]}, {:configurations=>[], :name=>"react-native-gesture-handler", :root=>"/Users/clisamax/Documents/GITHUB/FormCam/node_modules/react-native-gesture-handler", :path=>"../node_modules/react-native-gesture-handler", :podspec_path=>"/Users/clisamax/Documents/GITHUB/FormCam/node_modules/react-native-gesture-handler/RNGestureHandler.podspec", :script_phases=>[]}, {:configurations=>[], :name=>"react-native-reanimated", :root=>"/Users/clisamax/Documents/GITHUB/FormCam/node_modules/react-native-reanimated", :path=>"../node_modules/react-native-reanimated", :podspec_path=>"/Users/clisamax/Documents/GITHUB/FormCam/node_modules/react-native-reanimated/RNReanimated.podspec", :script_phases=>[]}, {:configurations=>[], :name=>"react-native-safe-area-context", :root=>"/Users/clisamax/Documents/GITHUB/FormCam/node_modules/react-native-safe-area-context", :path=>"../node_modules/react-native-safe-area-context", :podspec_path=>"/Users/clisamax/Documents/GITHUB/FormCam/node_modules/react-native-safe-area-context/react-native-safe-area-context.podspec", :script_phases=>[]}, {:configurations=>[], :name=>"react-native-screens", :root=>"/Users/clisamax/Documents/GITHUB/FormCam/node_modules/react-native-screens", :path=>"../node_modules/react-native-screens", :podspec_path=>"/Users/clisamax/Documents/GITHUB/FormCam/node_modules/react-native-screens/RNScreens.podspec", :script_phases=>[]}, {:configurations=>[], :name=>"react-native-vector-icons", :root=>"/Users/clisamax/Documents/GITHUB/FormCam/node_modules/react-native-vector-icons", :path=>"../node_modules/react-native-vector-icons", :podspec_path=>"/Users/clisamax/Documents/GITHUB/FormCam/node_modules/react-native-vector-icons/RNVectorIcons.podspec", :script_phases=>[]}], :ios_project_root_path=>"/Users/clisamax/Documents/GITHUB/FormCam/ios", :react_native_path=>"../node_modules/react-native"}
Auto-linking React Native modules for target `FormCam`: RNCAsyncStorage, RNDateTimePicker, RNGestureHandler, RNReanimated, RNScreens, RNVectorIcons, react-native-netinfo, and react-native-safe-area-context
Framework build type is static library
Configuring the target with the New Architecture
[36m[1m[Codegen][0m Analyzing /Users/clisamax/Documents/GITHUB/FormCam/package.json[0m
[36m[1m[Codegen][0m [33mSearching for codegen-enabled libraries in the app.[0m
[36m[1m[Codegen][0m [33mThe "codegenConfig" field is not defined in package.json. Assuming there is nothing to generate at the app level.[0m
[36m[1m[Codegen][0m [33mSearching for codegen-enabled libraries in the project dependencies.[0m
[36m[1m[Codegen][0m Found @react-native-async-storage/async-storage[0m
[36m[1m[Codegen][0m Found @react-native-community/datetimepicker[0m
[36m[1m[Codegen][0m Found expo-media-library[0m
[36m[1m[Codegen][0m Found react-native[0m
[36m[1m[Codegen][0m Found react-native-gesture-handler[0m
[36m[1m[Codegen][0m Found react-native-reanimated[0m
[36m[1m[Codegen][0m Found react-native-safe-area-context[0m
[36m[1m[Codegen][0m Found react-native-screens[0m
[36m[1m[Codegen][0m Found react-native-vector-icons[0m
[36m[1m[Codegen][0m [33mSearching for codegen-enabled libraries in react-native.config.js[0m
[36m[1m[Codegen][0m Processing rnasyncstorage[0m
[36m[1m[Codegen][0m [33mSearching for podspec in the project dependencies.[0m
[36m[1m[Codegen][0m Supported Apple platforms: ios, macos, tvos, visionos for rnasyncstorage[0m
[36m[1m[Codegen][0m Processing RNDateTimePickerCGen[0m
[36m[1m[Codegen][0m [33mSearching for podspec in the project dependencies.[0m
[36m[1m[Codegen][0m Supported Apple platforms: ios, visionos for RNDateTimePickerCGen[0m
[36m[1m[Codegen][0m Processing expo-media-library[0m
[36m[1m[Codegen][0m [33mSearching for podspec in the project dependencies.[0m
[36m[1m[Codegen][0m Processing FBReactNativeSpec[0m
[36m[1m[Codegen][0m [33mSearching for podspec in the project dependencies.[0m
[36m[1m[Codegen][0m Processing rncore[0m
[36m[1m[Codegen][0m [33mSearching for podspec in the project dependencies.[0m
[36m[1m[Codegen][0m Processing rngesturehandler_codegen[0m
[36m[1m[Codegen][0m [33mSearching for podspec in the project dependencies.[0m
[36m[1m[Codegen][0m Supported Apple platforms: ios, macos, tvos, visionos for rngesturehandler_codegen[0m
[36m[1m[Codegen][0m Processing rnreanimated[0m
[36m[1m[Codegen][0m [33mSearching for podspec in the project dependencies.[0m
[36m[1m[Codegen][0m Supported Apple platforms: ios, macos, tvos, visionos for rnreanimated[0m
[36m[1m[Codegen][0m Processing safeareacontext[0m
[36m[1m[Codegen][0m [33mSearching for podspec in the project dependencies.[0m
[36m[1m[Codegen][0m Supported Apple platforms: ios, macos, tvos, visionos for safeareacontext[0m
[36m[1m[Codegen][0m Processing rnscreens[0m
[36m[1m[Codegen][0m [33mSearching for podspec in the project dependencies.[0m
[36m[1m[Codegen][0m Supported Apple platforms: ios, tvos, visionos for rnscreens[0m
[36m[1m[Codegen][0m Processing RNVectorIconsSpec[0m
[36m[1m[Codegen][0m [33mSearching for podspec in the project dependencies.[0m
[36m[1m[Codegen][0m Supported Apple platforms: ios, tvos, visionos for RNVectorIconsSpec[0m
[36m[1m[Codegen][0m Generating Native Code for rnasyncstorage - ios[0m
[36m[1m[Codegen][0m Generated artifacts: /Users/clisamax/Documents/GITHUB/FormCam/ios/build/generated/ios[0m
[36m[1m[Codegen][0m Generating Native Code for RNDateTimePickerCGen - ios[0m
[36m[1m[Codegen][0m Generated artifacts: /Users/clisamax/Documents/GITHUB/FormCam/ios/build/generated/ios[0m
[36m[1m[Codegen][0m Generating Native Code for expo-media-library - ios[0m
[36m[1m[Codegen][0m Generated artifacts: /Users/clisamax/Documents/GITHUB/FormCam/ios/build/generated/ios[0m
[36m[1m[Codegen][0m [33m[Codegen - FBReactNativeSpec] Skipping iOS code generation for FBReactNativeSpec as it has been generated already.[0m
[36m[1m[Codegen][0m [33m[Codegen - rncore] Skipping iOS code generation for rncore as it has been generated already.[0m
[36m[1m[Codegen][0m Generating Native Code for rngesturehandler_codegen - ios[0m
[36m[1m[Codegen][0m Generated artifacts: /Users/clisamax/Documents/GITHUB/FormCam/ios/build/generated/ios[0m
[36m[1m[Codegen][0m Generating Native Code for rnreanimated - ios[0m
[36m[1m[Codegen][0m Generated artifacts: /Users/clisamax/Documents/GITHUB/FormCam/ios/build/generated/ios[0m
[36m[1m[Codegen][0m Generating Native Code for safeareacontext - ios[0m
[36m[1m[Codegen][0m Generated artifacts: /Users/clisamax/Documents/GITHUB/FormCam/ios/build/generated/ios[0m
[36m[1m[Codegen][0m Generating Native Code for rnscreens - ios[0m
[36m[1m[Codegen][0m Generated artifacts: /Users/clisamax/Documents/GITHUB/FormCam/ios/build/generated/ios[0m
[36m[1m[Codegen][0m Generating Native Code for RNVectorIconsSpec - ios[0m
[36m[1m[Codegen][0m Generated artifacts: /Users/clisamax/Documents/GITHUB/FormCam/ios/build/generated/ios[0m
[36m[1m[Codegen][0m Generating RCTThirdPartyComponentsProvider.h[0m
[36m[1m[Codegen][0m Generated artifact: /Users/clisamax/Documents/GITHUB/FormCam/ios/build/generated/ios/RCTThirdPartyComponentsProvider.h[0m
[36m[1m[Codegen][0m Generating RCTThirdPartyComponentsProvider.mm[0m
[36m[1m[Codegen][0m Crawling @react-native-community/datetimepicker library for components[0m
[36m[1m[Codegen][0m Match found RNDateTimePicker -> RNDateTimePickerComponentView[0m
[36m[1m[Codegen][0m [33m[DEPRECATED] @react-native-community/datetimepicker should add the 'ios.componentProvider' property in their codegenConfig[0m
[36m[1m[Codegen][0m Generated artifact: /Users/clisamax/Documents/GITHUB/FormCam/ios/build/generated/ios/RCTThirdPartyComponentsProvider.mm[0m
[36m[1m[Codegen][0m Generating RCTModulesProvider.h[0m
[36m[1m[Codegen][0m Generated artifact: /Users/clisamax/Documents/GITHUB/FormCam/ios/build/generated/ios/RCTModuleProviders.h[0m
[36m[1m[Codegen][0m Generating RCTModuleProviders.mm[0m
[36m[1m[Codegen][0m Generated artifact: /Users/clisamax/Documents/GITHUB/FormCam/ios/build/generated/ios/RCTModuleProviders.mm[0m
[36m[1m[Codegen][0m Generating RCTAppDependencyProvider[0m
[36m[1m[Codegen][0m Generated artifact: /Users/clisamax/Documents/GITHUB/FormCam/ios/build/generated/ios/RCTAppDependencyProvider.h[0m
[36m[1m[Codegen][0m Generated artifact: /Users/clisamax/Documents/GITHUB/FormCam/ios/build/generated/ios/RCTAppDependencyProvider.mm[0m
[36m[1m[Codegen][0m Generated podspec: /Users/clisamax/Documents/GITHUB/FormCam/ios/build/generated/ios/ReactAppDependencyProvider.podspec[0m
[36m[1m[Codegen][0m Generated podspec: /Users/clisamax/Documents/GITHUB/FormCam/ios/build/generated/ios/ReactCodegen.podspec[0m
[36m[1m[Codegen][0m [33mDone.[0m
No modules to process in combine-js-to-schema-cli. If this is unexpected, please check if you set up your NativeComponent correctly. See combine-js-to-schema.js for how codegen finds modules.
Updating local specs repositories
Analyzing dependencies
Downloading dependencies
Generating Pods project
Setting USE_HERMES build settings
Setting REACT_NATIVE_PATH build settings
Setting SWIFT_ACTIVE_COMPILATION_CONDITIONS build settings
[Ccache]: Removing Ccache from CC, LD, CXX & LDPLUSPLUS build settings
[SPM] Cleaning old SPM dependencies from Pods project
[SPM] Adding SPM dependencies to Pods project
[Privacy Manifest Aggregation] Appending aggregated reasons to existing PrivacyInfo.xcprivacy file.
[Privacy Manifest Aggregation] Reading .xcprivacy files to aggregate all used Required Reason APIs.
Setting CLANG_CXX_LANGUAGE_STANDARD to c++20 on /Users/clisamax/Documents/GITHUB/FormCam/ios/FormCam.xcodeproj

==================== DEPRECATION NOTICE =====================
Calling `pod install` directly is deprecated in React Native
because we are moving away from Cocoapods toward alternative
solutions to build the project.
* If you are using Expo, please run:
`npx expo run:ios`
* If you are using the Community CLI, please run:
`yarn ios`
=============================================================

Pod install took 9 [s] to run
Integrating client project
Pod installation complete! There are 106 dependencies from the Podfile and 110 total pods installed.
[Expo] Adding '[Expo Autolinking] Run Codegen with autolinking' build phase to ReactCodegen

[!] Can't merge pod_target_xcconfig for pod targets: ["expo-dev-menu", "Main", "ReactNativeCompatibles", "SafeAreaView", "Vendored"]. Singular build setting DEFINES_MODULE has different values.

[!] Can't merge pod_target_xcconfig for pod targets: ["expo-dev-menu", "Main", "ReactNativeCompatibles", "SafeAreaView", "Vendored"]. Singular build setting DEFINES_MODULE has different values.
[2026-02-17 05:37:04] ✅ Pods instalados
[2026-02-17 05:37:04] ✅ Dispositivo pré‑definido: 00008120-000A7C400A05A01E
[2026-02-17 05:37:04] ✅ Dispositivo selecionado: 00008120-000A7C400A05A01E
[2026-02-17 05:37:04] 🛠️ Iniciando build iOS com Expo…
[2026-02-17 05:37:04]    • Executando: /Users/clisamax/Documents/GITHUB/FormCam/node_modules/.bin/expo run:ios --device "00008120-000A7C400A05A01E" 
2026-02-17T08:37:04.801Z expo:telemetry Switching strategy from detached to instant
2026-02-17T08:37:04.825Z expo:telemetry Recording 1 event(s)
2026-02-17T08:37:04.938Z expo:env Loaded environment variables from: /Users/clisamax/Documents/GITHUB/FormCam/.env
2026-02-17T08:37:04.938Z expo:env /Users/clisamax/Documents/GITHUB/FormCam/.env.development does not exist, skipping this env file
2026-02-17T08:37:04.938Z expo:env /Users/clisamax/Documents/GITHUB/FormCam/.env.local does not exist, skipping this env file
2026-02-17T08:37:04.938Z expo:env /Users/clisamax/Documents/GITHUB/FormCam/.env.development.local does not exist, skipping this env file
env: load .env
env: export EXPO_PUBLIC_API_URL EXPO_PUBLIC_IMMICH_URL EXPO_PUBLIC_IMMICH_API_KEY
- Installing CocoaPods...
> pod install
- Installing CocoaPods...
Using Expo modules
[34m[Expo] [0mEnabling modular headers for pod [32mExpoModulesCore[0m
[34m[Expo] [0mEnabling modular headers for pod [32mReact-RCTAppDelegate[0m
[34m[Expo] [0mEnabling modular headers for pod [32mReact-RCTFabric[0m
[34m[Expo] [0mEnabling modular headers for pod [32mReactAppDependencyProvider[0m
[34m[Expo] [0mEnabling modular headers for pod [32mReact-Core[0m
[34m[Expo] [0mEnabling modular headers for pod [32mRCT-Folly[0m
[34m[Expo] [0mEnabling modular headers for pod [32mglog[0m
[34m[Expo] [0mEnabling modular headers for pod [32mReactCodegen[0m
[34m[Expo] [0mEnabling modular headers for pod [32mRCTRequired[0m
[34m[Expo] [0mEnabling modular headers for pod [32mRCTTypeSafety[0m
[34m[Expo] [0mEnabling modular headers for pod [32mReactCommon[0m
[34m[Expo] [0mEnabling modular headers for pod [32mReact-NativeModulesApple[0m
[34m[Expo] [0mEnabling modular headers for pod [32mYoga[0m
[34m[Expo] [0mEnabling modular headers for pod [32mReact-Fabric[0m
[34m[Expo] [0mEnabling modular headers for pod [32mReact-graphics[0m
[34m[Expo] [0mEnabling modular headers for pod [32mReact-utils[0m
[34m[Expo] [0mEnabling modular headers for pod [32mReact-featureflags[0m
[34m[Expo] [0mEnabling modular headers for pod [32mReact-debug[0m
[34m[Expo] [0mEnabling modular headers for pod [32mReact-ImageManager[0m
[34m[Expo] [0mEnabling modular headers for pod [32mReact-rendererdebug[0m
[34m[Expo] [0mEnabling modular headers for pod [32mDoubleConversion[0m
[34m[Expo] [0mEnabling modular headers for pod [32mReact-jsi[0m
[34m[Expo] [0mEnabling modular headers for pod [32mReact-renderercss[0m
[34m[Expo] [0mEnabling modular headers for pod [32mhermes-engine[0m
[34m[Expo] [0mEnabling modular headers for pod [32mReact-hermes[0m
[34m[Expo] [0mEnabling modular headers for pod [32mZXingObjC[0m
[34m[Expo] [0mEnabling modular headers for pod [32mexpo-dev-menu-interface[0m
[34m[Expo] [0mEnabling modular headers for pod [32mEXManifests[0m
[34m[Expo] [0mEnabling modular headers for pod [32mEXUpdatesInterface[0m
[34m[Expo] [0mEnabling modular headers for pod [32mexpo-dev-menu[0m
[34m[Expo] [0mEnabling modular headers for pod [32mReact-jsinspector[0m
[34m[Expo] [0mEnabling modular headers for pod [32mexpo-dev-launcher[0m
[34m[Expo] [0mEnabling modular headers for pod [32mEXImageLoader[0m
[34m[Expo] [0mEnabling modular headers for pod [32mSDWebImageWebPCoder[0m
[34m[Expo] [0mEnabling modular headers for pod [32mEXStructuredHeaders[0m
[34m[Expo] [0mEnabling modular headers for pod [32mEASClient[0m
[34m[Expo] [0mEnabling modular headers for pod [32mReachabilitySwift[0m
Found 9 modules for target `FormCam`
link_native_modules! {:ios_packages=>[{:configurations=>[], :name=>"@react-native-async-storage/async-storage", :root=>"/Users/clisamax/Documents/GITHUB/FormCam/node_modules/@react-native-async-storage/async-storage", :path=>"../node_modules/@react-native-async-storage/async-storage", :podspec_path=>"/Users/clisamax/Documents/GITHUB/FormCam/node_modules/@react-native-async-storage/async-storage/RNCAsyncStorage.podspec", :script_phases=>[]}, {:configurations=>[], :name=>"@react-native-community/datetimepicker", :root=>"/Users/clisamax/Documents/GITHUB/FormCam/node_modules/@react-native-community/datetimepicker", :path=>"../node_modules/@react-native-community/datetimepicker", :podspec_path=>"/Users/clisamax/Documents/GITHUB/FormCam/node_modules/@react-native-community/datetimepicker/RNDateTimePicker.podspec", :script_phases=>[]}, {:configurations=>[], :name=>"@react-native-community/netinfo", :root=>"/Users/clisamax/Documents/GITHUB/FormCam/node_modules/@react-native-community/netinfo", :path=>"../node_modules/@react-native-community/netinfo", :podspec_path=>"/Users/clisamax/Documents/GITHUB/FormCam/node_modules/@react-native-community/netinfo/react-native-netinfo.podspec", :script_phases=>[]}, {:configurations=>[], :name=>"expo", :root=>"/Users/clisamax/Documents/GITHUB/FormCam/node_modules/expo", :path=>"../node_modules/expo", :podspec_path=>"/Users/clisamax/Documents/GITHUB/FormCam/node_modules/expo/Expo.podspec", :script_phases=>[]}, {:configurations=>[], :name=>"react-native-gesture-handler", :root=>"/Users/clisamax/Documents/GITHUB/FormCam/node_modules/react-native-gesture-handler", :path=>"../node_modules/react-native-gesture-handler", :podspec_path=>"/Users/clisamax/Documents/GITHUB/FormCam/node_modules/react-native-gesture-handler/RNGestureHandler.podspec", :script_phases=>[]}, {:configurations=>[], :name=>"react-native-reanimated", :root=>"/Users/clisamax/Documents/GITHUB/FormCam/node_modules/react-native-reanimated", :path=>"../node_modules/react-native-reanimated", :podspec_path=>"/Users/clisamax/Documents/GITHUB/FormCam/node_modules/react-native-reanimated/RNReanimated.podspec", :script_phases=>[]}, {:configurations=>[], :name=>"react-native-safe-area-context", :root=>"/Users/clisamax/Documents/GITHUB/FormCam/node_modules/react-native-safe-area-context", :path=>"../node_modules/react-native-safe-area-context", :podspec_path=>"/Users/clisamax/Documents/GITHUB/FormCam/node_modules/react-native-safe-area-context/react-native-safe-area-context.podspec", :script_phases=>[]}, {:configurations=>[], :name=>"react-native-screens", :root=>"/Users/clisamax/Documents/GITHUB/FormCam/node_modules/react-native-screens", :path=>"../node_modules/react-native-screens", :podspec_path=>"/Users/clisamax/Documents/GITHUB/FormCam/node_modules/react-native-screens/RNScreens.podspec", :script_phases=>[]}, {:configurations=>[], :name=>"react-native-vector-icons", :root=>"/Users/clisamax/Documents/GITHUB/FormCam/node_modules/react-native-vector-icons", :path=>"../node_modules/react-native-vector-icons", :podspec_path=>"/Users/clisamax/Documents/GITHUB/FormCam/node_modules/react-native-vector-icons/RNVectorIcons.podspec", :script_phases=>[]}], :ios_project_root_path=>"/Users/clisamax/Documents/GITHUB/FormCam/ios", :react_native_path=>"../node_modules/react-native"}
Auto-linking React Native modules for target `FormCam`: RNCAsyncStorage, RNDateTimePicker, RNGestureHandler, RNReanimated, RNScreens, RNVectorIcons, react-native-netinfo, and react-native-safe-area-context
Framework build type is static library
Configuring the target with the New Architecture
[36m[1m[Codegen][0m Analyzing /Users/clisamax/Documents/GITHUB/FormCam/package.json[0m
[36m[1m[Codegen][0m [33mSearching for codegen-enabled libraries in the app.[0m
[36m[1m[Codegen][0m [33mThe "codegenConfig" field is not defined in package.json. Assuming there is nothing to generate at the app level.[0m
[36m[1m[Codegen][0m [33mSearching for codegen-enabled libraries in the project dependencies.[0m
[36m[1m[Codegen][0m Found @react-native-async-storage/async-storage[0m
[36m[1m[Codegen][0m Found @react-native-community/datetimepicker[0m
[36m[1m[Codegen][0m Found expo-media-library[0m
[36m[1m[Codegen][0m Found react-native[0m
[36m[1m[Codegen][0m Found react-native-gesture-handler[0m
[36m[1m[Codegen][0m Found react-native-reanimated[0m
[36m[1m[Codegen][0m Found react-native-safe-area-context[0m
[36m[1m[Codegen][0m Found react-native-screens[0m
[36m[1m[Codegen][0m Found react-native-vector-icons[0m
[36m[1m[Codegen][0m [33mSearching for codegen-enabled libraries in react-native.config.js[0m
[36m[1m[Codegen][0m Processing rnasyncstorage[0m
[36m[1m[Codegen][0m [33mSearching for podspec in the project dependencies.[0m
[36m[1m[Codegen][0m Supported Apple platforms: ios, macos, tvos, visionos for rnasyncstorage[0m
[36m[1m[Codegen][0m Processing RNDateTimePickerCGen[0m
[36m[1m[Codegen][0m [33mSearching for podspec in the project dependencies.[0m
[36m[1m[Codegen][0m Supported Apple platforms: ios, visionos for RNDateTimePickerCGen[0m
[36m[1m[Codegen][0m Processing expo-media-library[0m
[36m[1m[Codegen][0m [33mSearching for podspec in the project dependencies.[0m
[36m[1m[Codegen][0m Processing FBReactNativeSpec[0m
[36m[1m[Codegen][0m [33mSearching for podspec in the project dependencies.[0m
[36m[1m[Codegen][0m Processing rncore[0m
[36m[1m[Codegen][0m [33mSearching for podspec in the project dependencies.[0m
[36m[1m[Codegen][0m Processing rngesturehandler_codegen[0m
[36m[1m[Codegen][0m [33mSearching for podspec in the project dependencies.[0m
[36m[1m[Codegen][0m Supported Apple platforms: ios, macos, tvos, visionos for rngesturehandler_codegen[0m
[36m[1m[Codegen][0m Processing rnreanimated[0m
[36m[1m[Codegen][0m [33mSearching for podspec in the project dependencies.[0m
[36m[1m[Codegen][0m Supported Apple platforms: ios, macos, tvos, visionos for rnreanimated[0m
[36m[1m[Codegen][0m Processing safeareacontext[0m
[36m[1m[Codegen][0m [33mSearching for podspec in the project dependencies.[0m
[36m[1m[Codegen][0m Supported Apple platforms: ios, macos, tvos, visionos for safeareacontext[0m
[36m[1m[Codegen][0m Processing rnscreens[0m
[36m[1m[Codegen][0m [33mSearching for podspec in the project dependencies.[0m
[36m[1m[Codegen][0m Supported Apple platforms: ios, tvos, visionos for rnscreens[0m
[36m[1m[Codegen][0m Processing RNVectorIconsSpec[0m
[36m[1m[Codegen][0m [33mSearching for podspec in the project dependencies.[0m
[36m[1m[Codegen][0m Supported Apple platforms: ios, tvos, visionos for RNVectorIconsSpec[0m
[36m[1m[Codegen][0m Generating Native Code for rnasyncstorage - ios[0m
[36m[1m[Codegen][0m Generated artifacts: /Users/clisamax/Documents/GITHUB/FormCam/ios/build/generated/ios[0m
[36m[1m[Codegen][0m Generating Native Code for RNDateTimePickerCGen - ios[0m
[36m[1m[Codegen][0m Generated artifacts: /Users/clisamax/Documents/GITHUB/FormCam/ios/build/generated/ios[0m
[36m[1m[Codegen][0m Generating Native Code for expo-media-library - ios[0m
[36m[1m[Codegen][0m Generated artifacts: /Users/clisamax/Documents/GITHUB/FormCam/ios/build/generated/ios[0m
[36m[1m[Codegen][0m [33m[Codegen - FBReactNativeSpec] Skipping iOS code generation for FBReactNativeSpec as it has been generated already.[0m
[36m[1m[Codegen][0m [33m[Codegen - rncore] Skipping iOS code generation for rncore as it has been generated already.[0m
[36m[1m[Codegen][0m Generating Native Code for rngesturehandler_codegen - ios[0m
[36m[1m[Codegen][0m Generated artifacts: /Users/clisamax/Documents/GITHUB/FormCam/ios/build/generated/ios[0m
[36m[1m[Codegen][0m Generating Native Code for rnreanimated - ios[0m
[36m[1m[Codegen][0m Generated artifacts: /Users/clisamax/Documents/GITHUB/FormCam/ios/build/generated/ios[0m
[36m[1m[Codegen][0m Generating Native Code for safeareacontext - ios[0m
[36m[1m[Codegen][0m Generated artifacts: /Users/clisamax/Documents/GITHUB/FormCam/ios/build/generated/ios[0m
[36m[1m[Codegen][0m Generating Native Code for rnscreens - ios[0m
[36m[1m[Codegen][0m Generated artifacts: /Users/clisamax/Documents/GITHUB/FormCam/ios/build/generated/ios[0m
[36m[1m[Codegen][0m Generating Native Code for RNVectorIconsSpec - ios[0m
[36m[1m[Codegen][0m Generated artifacts: /Users/clisamax/Documents/GITHUB/FormCam/ios/build/generated/ios[0m
[36m[1m[Codegen][0m Generating RCTThirdPartyComponentsProvider.h[0m
[36m[1m[Codegen][0m Generated artifact: /Users/clisamax/Documents/GITHUB/FormCam/ios/build/generated/ios/RCTThirdPartyComponentsProvider.h[0m
[36m[1m[Codegen][0m Generating RCTThirdPartyComponentsProvider.mm[0m
[36m[1m[Codegen][0m Crawling @react-native-community/datetimepicker library for components[0m
[36m[1m[Codegen][0m Match found RNDateTimePicker -> RNDateTimePickerComponentView[0m
[36m[1m[Codegen][0m [33m[DEPRECATED] @react-native-community/datetimepicker should add the 'ios.componentProvider' property in their codegenConfig[0m
[36m[1m[Codegen][0m Generated artifact: /Users/clisamax/Documents/GITHUB/FormCam/ios/build/generated/ios/RCTThirdPartyComponentsProvider.mm[0m
[36m[1m[Codegen][0m Generating RCTModulesProvider.h[0m
[36m[1m[Codegen][0m Generated artifact: /Users/clisamax/Documents/GITHUB/FormCam/ios/build/generated/ios/RCTModuleProviders.h[0m
[36m[1m[Codegen][0m Generating RCTModuleProviders.mm[0m
[36m[1m[Codegen][0m Generated artifact: /Users/clisamax/Documents/GITHUB/FormCam/ios/build/generated/ios/RCTModuleProviders.mm[0m
[36m[1m[Codegen][0m Generating RCTAppDependencyProvider[0m
[36m[1m[Codegen][0m Generated artifact: /Users/clisamax/Documents/GITHUB/FormCam/ios/build/generated/ios/RCTAppDependencyProvider.h[0m
[36m[1m[Codegen][0m Generated artifact: /Users/clisamax/Documents/GITHUB/FormCam/ios/build/generated/ios/RCTAppDependencyProvider.mm[0m
[36m[1m[Codegen][0m Generated podspec: /Users/clisamax/Documents/GITHUB/FormCam/ios/build/generated/ios/ReactAppDependencyProvider.podspec[0m
[36m[1m[Codegen][0m Generated podspec: /Users/clisamax/Documents/GITHUB/FormCam/ios/build/generated/ios/ReactCodegen.podspec[0m
[36m[1m[Codegen][0m [33mDone.[0m
No modules to process in combine-js-to-schema-cli. If this is unexpected, please check if you set up your NativeComponent correctly. See combine-js-to-schema.js for how codegen finds modules.
Analyzing dependencies
Downloading dependencies
Generating Pods project
Setting USE_HERMES build settings
Setting REACT_NATIVE_PATH build settings
Setting SWIFT_ACTIVE_COMPILATION_CONDITIONS build settings
[Ccache]: Removing Ccache from CC, LD, CXX & LDPLUSPLUS build settings
[SPM] Cleaning old SPM dependencies from Pods project
[SPM] Adding SPM dependencies to Pods project
[Privacy Manifest Aggregation] Appending aggregated reasons to existing PrivacyInfo.xcprivacy file.
[Privacy Manifest Aggregation] Reading .xcprivacy files to aggregate all used Required Reason APIs.
Setting CLANG_CXX_LANGUAGE_STANDARD to c++20 on /Users/clisamax/Documents/GITHUB/FormCam/ios/FormCam.xcodeproj

[33m==================== DEPRECATION NOTICE =====================[0m
[33mCalling `pod install` directly is deprecated in React Native[0m
[33mbecause we are moving away from Cocoapods toward alternative[0m
[33msolutions to build the project.[0m
[33m* If you are using Expo, please run:[0m
[33m`npx expo run:ios`[0m
[33m* If you are using the Community CLI, please run:[0m
[33m`yarn ios`[0m
[33m=============================================================[0m

[32mPod install took 8 [s] to run[0m
Integrating client project
[32mPod installation complete! There are 106 dependencies from the Podfile and 110 total pods installed.[0m
[34m[Expo] [0mAdding '[Expo Autolinking] Run Codegen with autolinking' build phase to ReactCodegen
✔ Installed CocoaPods
2026-02-17T08:37:14.579Z expo:utils:getRunningProcess pid: 336 for port: 8081
› Skipping dev server
Resolved port: 8081, start dev server: false
2026-02-17T08:37:14.736Z expo:doctor:apple:xcode Xcode version: 26.2.0
2026-02-17T08:37:14.815Z expo:doctor:apple:simulatorApp Simulator app id: com.apple.iphonesimulator
2026-02-17T08:37:14.983Z expo:start:platforms:ios:xcrun Running: xcrun devicectl list devices --json-output /var/folders/88/p03mzgs51pj3xpcnz_66wt_w0000gn/T/6ab78cde11bb39dabe4ad57b531f333c --timeout 5
2026-02-17T08:37:14.988Z expo:apple-device:client:usbmuxd connectUsbmuxdSocket
2026-02-17T08:37:14.988Z expo:apple-device:client:usbmuxd getDevices
2026-02-17T08:37:14.988Z expo:apple-device:protocol:usbmux socket write: {"messageType":"ListDevices"}
2026-02-17T08:37:14.994Z expo:start:platforms:ios:xcrun Running: xcrun simctl list devices --json 
2026-02-17T08:37:14.999Z expo:apple-device:protocol:usbmux Response: {"DeviceList":[{"DeviceID":2,"MessageType":"Attached","Properties":{"ConnectionSpeed":480000000,"ConnectionType":"USB","DeviceID":2,"LocationID":18034944,"ProductID":4776,"SerialNumber":"00008120-000A7C400A05A01E","USBSerialNumber":"00008120000A7C400A05A01E"}}]}
2026-02-17T08:37:14.999Z expo:apple-device:client:usbmuxd connectUsbmuxdSocket
2026-02-17T08:37:14.999Z expo:apple-device:client:usbmuxd connect: 2 on port 62078
2026-02-17T08:37:14.999Z expo:apple-device:client:usbmuxd connect:device: {
  DeviceID: 2,
  MessageType: 'Attached',
  Properties: {
    ConnectionSpeed: 480000000,
    ConnectionType: 'USB',
    DeviceID: 2,
    LocationID: 18034944,
    ProductID: 4776,
    SerialNumber: '00008120-000A7C400A05A01E',
    USBSerialNumber: '00008120000A7C400A05A01E'
  }
}
2026-02-17T08:37:14.999Z expo:apple-device:protocol:usbmux socket write: {"messageType":"Connect","extraFields":{"DeviceID":2,"PortNumber":32498}}
2026-02-17T08:37:15.001Z expo:apple-device:protocol:usbmux Response: {"MessageType":"Result","Number":0}
2026-02-17T08:37:15.001Z expo:apple-device:client:usbmuxd connect:device:response: { MessageType: 'Result', Number: 0 }
2026-02-17T08:37:15.001Z expo:apple-device:client:lockdownd getAllValues
2026-02-17T08:37:15.001Z expo:apple-device:protocol:lockdown socket write: {"Request":"GetValue"}
2026-02-17T08:37:15.031Z expo:apple-device:protocol:lockdown Response: {"Request":"GetValue","Value":{"BasebandCertId":3452763205,"BasebandKeyHashInformation":{"AKeyStatus":2,"SKeyHash":{"type":"Buffer","data":[0,0,0,0,0,0,0,0,0,0,0,0,0,0,0,0,0,0,0,0,0,0,0,0,0,0,0,0,0,0,0,0]},"SKeyStatus":0},"BasebandSerialNumber":{"type":"Buffer","data":[143,94,102,97]},"BasebandVersion":"3.40.01","BoardId":8,"BuildVersion":"23D127","CPUArchitecture":"arm64e","ChipID":33056,"DeviceClass":"iPhone","DeviceColor":"1","DeviceName":"Clisamax","DieID":2951364254998558,"HardwareModel":"D37AP","HasSiDP":true,"HumanReadableProductVersionString":"26.3","PartitionType":"GUID_partition_scheme","ProductName":"iPhone OS","ProductType":"iPhone15,4","ProductVersion":"26.3","ProductionSOC":true,"ProtocolVersion":"2","SupportedDeviceFamilies":[1],"TelephonyCapability":true,"UniqueChipID":2951364254998558,"UniqueDeviceID":"00008120-000A7C400A05A01E","WiFiAddress":"64:0c:91:9b:23:5f"}}
2026-02-17T08:37:15.086Z expo:devicectl Name       Hostname                    Identifier                             State       Model                 
--------   -------------------------   ------------------------------------   ---------   ----------------------
Clisamax   Clisamax.coredevice.local   11E4F2EA-B358-5F8A-9E46-02B8272FF5F8   connected   iPhone 15 (iPhone15,4)

Unexpected devicectl JSON version output from devicectl. Connecting to physical Apple devices may not work as expected.
2026-02-17T08:37:15.166Z expo:start:platforms:ios:xcrun Running: xcrun simctl list devices --json 
2026-02-17T08:37:15.287Z expo:start:platforms:ios:getBestSimulator No booted simulator matching requirements (osType: iOS).
2026-02-17T08:37:15.296Z expo:start:platforms:ios:getBestSimulator Default simulator ID: D5DF3EE8-26EA-4003-ABA8-38929DE02097
2026-02-17T08:37:15.296Z expo:start:platforms:ios:xcrun Running: xcrun simctl list devices --json 
› Using --device 00008120-000A7C400A05A01E
› Auto signing app using team(s): VW658NV936
  xcodebuild -workspace /Users/clisamax/Documents/GITHUB/FormCam/ios/FormCam.xcworkspace -configuration Debug -scheme FormCam -destination id=00008120-000A7C400A05A01E
› Planning build
    Run script build phase '[CP-User] [Hermes] Replace Hermes for the right configuration, if needed' will be run during every build because it does not specify any outputs. To address this issue, either add output dependencies to the script phase, or configure it to run in every build by unchecking "Based on dependency analysis" in the script phase. (in target 'hermes-engine' from project 'Pods')
› Executing react-native Pods/hermes-engine » [CP-User] [Hermes] Replace Hermes for the right configuration, if needed
› Preparing Pods/RCT-Folly-RCT-Folly_privacy » ResourceBundle-RCT-Folly_privacy-RCT-Folly-Info.plist
› Preparing Pods/boost-boost_privacy » ResourceBundle-boost_privacy-boost-Info.plist
› Preparing Pods/glog-glog_privacy » ResourceBundle-glog_privacy-glog-Info.plist
› Preparing Pods/React-Core-React-Core_privacy » ResourceBundle-React-Core_privacy-React-Core-Info.plist
› Preparing Pods/React-cxxreact-React-cxxreact_privacy » ResourceBundle-React-cxxreact_privacy-React-cxxreact-Info.plist
› Executing react-native Pods/React-Fabric » [CP-User] [RN]Check rncore
› Executing react-native Pods/React-FabricComponents » [CP-User] [RN]Check rncore
› Executing react-native Pods/React-RCTFBReactNativeSpec » [CP-User] [RN]Check FBReactNativeSpec
› Compiling formcam Pods/ReactCodegen » States.cpp
› Compiling formcam Pods/ReactCodegen » ComponentDescriptors.cpp
› Compiling formcam Pods/ReactCodegen » ComponentDescriptors.cpp
› Compiling formcam Pods/ReactCodegen » ComponentDescriptors.cpp
› Compiling formcam Pods/ReactCodegen » ComponentDescriptors.cpp
› Compiling formcam Pods/ReactCodegen » EventEmitters.cpp
› Compiling formcam Pods/ReactCodegen » EventEmitters.cpp
› Compiling formcam Pods/ReactCodegen » RNVectorIconsSpec-generated.mm
› Compiling formcam Pods/ReactCodegen » RNVectorIconsSpecJSI-generated.cpp
› Compiling formcam Pods/ReactCodegen » rnasyncstorageJSI-generated.cpp
› Compiling formcam Pods/ReactCodegen » safeareacontextJSI-generated.cpp
› Compiling formcam Pods/ReactCodegen » safeareacontext-generated.mm
› Compiling formcam Pods/ReactCodegen » rnscreensJSI-generated.cpp
› Compiling formcam Pods/ReactCodegen » rnscreens-generated.mm
› Compiling formcam Pods/ReactCodegen » rnreanimatedJSI-generated.cpp
› Compiling formcam Pods/ReactCodegen » rnreanimated-generated.mm
› Compiling formcam Pods/ReactCodegen » rngesturehandler_codegenJSI-generated.cpp
› Compiling formcam Pods/ReactCodegen » rngesturehandler_codegen-generated.mm
› Compiling formcam Pods/ReactCodegen » rnasyncstorage-generated.mm
› Compiling formcam Pods/ReactCodegen » expo-media-libraryJSI-generated.cpp
› Compiling formcam Pods/ReactCodegen » expo-media-library-generated.mm

⚠️  (ios/build/generated/ios/expo-media-library/expo-media-library.h:19:13)

  17 |
  18 | // Avoid multiple includes of expo-media-library symbols
> 19 | #ifndef expo-media-library_H
     |             ^ extra tokens at end of #ifndef directive [-Wextra-tokens]
  20 | #define expo-media-library_H
  21 |
  22 | #import <Foundation/Foundation.h>


⚠️  (ios/build/generated/ios/expo-media-library/expo-media-library.h:20:13)

  18 | // Avoid multiple includes of expo-media-library symbols
  19 | #ifndef expo-media-library_H
> 20 | #define expo-media-library_H
     |             ^ ISO C99 requires whitespace after the macro name [-Wc99-extensions]
  21 |
  22 | #import <Foundation/Foundation.h>
  23 | #import <RCTRequired/RCTRequired.h>

› Compiling formcam Pods/ReactCodegen » States.cpp
› Compiling formcam Pods/ReactCodegen » States.cpp
› Compiling formcam Pods/ReactCodegen » States.cpp
› Compiling formcam Pods/ReactCodegen » ShadowNodes.cpp
› Compiling formcam Pods/ReactCodegen » ShadowNodes.cpp
› Compiling formcam Pods/ReactCodegen » ShadowNodes.cpp
› Compiling formcam Pods/ReactCodegen » ShadowNodes.cpp
› Compiling formcam Pods/ReactCodegen » RNDateTimePickerCGenJSI-generated.cpp
› Compiling formcam Pods/ReactCodegen » RNDateTimePickerCGen-generated.mm
› Compiling formcam Pods/ReactCodegen » RCTThirdPartyComponentsProvider.mm
› Compiling formcam Pods/ReactCodegen » RCTModulesConformingToProtocolsProvider.mm
› Compiling formcam Pods/ReactCodegen » RCTModuleProviders.mm
› Compiling formcam Pods/ReactCodegen » Props.cpp
› Compiling formcam Pods/ReactCodegen » Props.cpp
› Compiling formcam Pods/ReactCodegen » Props.cpp
› Compiling formcam Pods/ReactCodegen » Props.cpp
› Compiling formcam Pods/ReactCodegen » EventEmitters.cpp
› Compiling formcam Pods/ReactCodegen » EventEmitters.cpp
› Packaging formcam Pods/ReactCodegen » libReactCodegen.a
› Preparing Pods/SDWebImage-SDWebImage » ResourceBundle-SDWebImage-SDWebImage-Info.plist
› Preparing Pods/expo-dev-menu-EXDevMenu » ResourceBundle-EXDevMenu-expo-dev-menu-Info.plist
› Compiling react-native-safe-area-context Pods/react-native-safe-area-context » RNCSafeAreaViewState.cpp
› Compiling react-native-vector-icons Pods/RNVectorIcons » RNVectorIconsManager.mm
› Preparing Pods/expo-dev-launcher-EXDevLauncher » ResourceBundle-EXDevLauncher-expo-dev-launcher-Info.plist
› Preparing Pods/ExpoMediaLibrary-ExpoMediaLibrary_privacy » ResourceBundle-ExpoMediaLibrary_privacy-ExpoMediaLibrary-Info.plist
› Preparing Pods/ExpoSystemUI-ExpoSystemUI_privacy » ResourceBundle-ExpoSystemUI_privacy-ExpoSystemUI-Info.plist
› Preparing expo-updates Pods/ReachabilitySwift-ReachabilitySwift » ResourceBundle-ReachabilitySwift-ReachabilitySwift-Info.plist
› Preparing Pods/ExpoFileSystem-ExpoFileSystem_privacy » ResourceBundle-ExpoFileSystem_privacy-ExpoFileSystem-Info.plist
› Preparing expo-updates Pods/EXUpdates-EXUpdates » ResourceBundle-EXUpdates-EXUpdates-Info.plist
› Preparing Pods/RNCAsyncStorage-RNCAsyncStorage_resources » ResourceBundle-RNCAsyncStorage_resources-RNCAsyncStorage-Info.plist
› Compiling react-native-screens Pods/RNScreens » RNSSearchBar.mm
› Compiling react-native-reanimated Pods/RNReanimated » NativeProxy.mm
› Compiling formcam Pods/ReactAppDependencyProvider » RCTAppDependencyProvider.mm
› Compiling react-native-reanimated Pods/RNReanimated » REANodesManager.mm
› Compiling react-native-gesture-handler Pods/RNGestureHandler » RNGestureHandlerButtonComponentView.mm
› Compiling @react-native-community/datetimepicker Pods/RNDateTimePicker » ShadowNodes.cpp

⚠️  (ios/Pods/Headers/Public/React-graphics/react/renderer/graphics/Geometry.h:18:2)

  16 | #include <react/renderer/graphics/Vector.h>
  17 |
> 18 | #warning \
     |  ^ "The Geometry.h file is deprecated and will be removed in the next version of React Native. Please update your #include and #import statements to use the specific files. For example, if you imported Geometry.h to use Float.h, replase the #include <react/renderer/graphics/Geometry.h> with #include <react/renderer/graphics/Float.h>" [-W#warnings]
  19 |     "The Geometry.h file is deprecated and will be removed in the next version of React Native. Please update your #include and #import statements to use the specific files. For example, if you imported Geometry.h to use Float.h, replase the #include <react/renderer/graphics/Geometry.h> with #include <react/renderer/graphics/Float.h>"
  20 |

› Compiling @react-native-async-storage/async-storage Pods/RNCAsyncStorage » RNCAsyncStorage.mm
› Packaging expo-manifests Pods/EXManifests » libEXManifests.a
› Compiling @react-native-community/datetimepicker Pods/RNDateTimePicker » RNDateTimePickerComponentView.mm

⚠️  (node_modules/expo/ios/AppDelegates/ExpoAppDelegate.swift:14:12)

  12 |  */
  13 | @objc(EXExpoAppDelegate)
> 14 | open class ExpoAppDelegate: UIResponder, @preconcurrency ReactNativeFactoryProvider, UIApplicationDelegate {
     |            ^ '@preconcurrency' on conformance to 'ReactNativeFactoryProvider' has no effect
  15 |   @objc public var factory: RCTReactNativeFactory?
  16 |   private let defaultModuleName = "main"
  17 |   private let defaultInitialProps = [AnyHashable: Any]()

› Packaging formcam Pods/ReactAppDependencyProvider » libReactAppDependencyProvider.a
› Compiling expo-camera Pods/ExpoCamera » ExpoCamera-dummy.m
› Packaging expo-camera Pods/ExpoCamera » libExpoCamera.a

❌  (node_modules/expo/ios/AppDelegates/ExpoReactNativeFactory.swift:19:19)

  17 |     let releaseLevel = (Bundle.main.object(forInfoDictionaryKey: "ReactNativeReleaseLevel") as? String)
  18 |       .flatMap { [
> 19 |         "canary": RCTReleaseLevel.Canary,
     |                   ^ cannot find 'RCTReleaseLevel' in scope
  20 |         "experimental": RCTReleaseLevel.Experimental,
  21 |         "stable": RCTReleaseLevel.Stable
  22 |       ][$0.lowercased()]


❌  (node_modules/expo/ios/AppDelegates/ExpoReactNativeFactory.swift:20:25)

  18 |       .flatMap { [
  19 |         "canary": RCTReleaseLevel.Canary,
> 20 |         "experimental": RCTReleaseLevel.Experimental,
     |                         ^ cannot find 'RCTReleaseLevel' in scope
  21 |         "stable": RCTReleaseLevel.Stable
  22 |       ][$0.lowercased()]
  23 |       }


❌  (node_modules/expo/ios/AppDelegates/ExpoReactNativeFactory.swift:21:19)

  19 |         "canary": RCTReleaseLevel.Canary,
  20 |         "experimental": RCTReleaseLevel.Experimental,
> 21 |         "stable": RCTReleaseLevel.Stable
     |                   ^ cannot find 'RCTReleaseLevel' in scope
  22 |       ][$0.lowercased()]
  23 |       }
  24 |     ?? RCTReleaseLevel.Stable


❌  (node_modules/expo/ios/AppDelegates/ExpoReactNativeFactory.swift:24:8)

  22 |       ][$0.lowercased()]
  23 |       }
> 24 |     ?? RCTReleaseLevel.Stable
     |        ^ cannot find 'RCTReleaseLevel' in scope
  25 |
  26 |     super.init(delegate: delegate, releaseLevel: releaseLevel)
  27 |   }


❌  (node_modules/expo/ios/AppDelegates/ExpoReactNativeFactory.swift:26:50)

  24 |     ?? RCTReleaseLevel.Stable
  25 |
> 26 |     super.init(delegate: delegate, releaseLevel: releaseLevel)
     |                                                  ^ extra argument 'releaseLevel' in call
  27 |   }
  28 |   #endif
  29 |


⚠️  (node_modules/expo/ios/AppDelegates/ExpoReactNativeFactory.swift:100:15)

   98 |     launchOptions: [AnyHashable: Any]?
   99 |   ) -> UIView {
> 100 |     guard let delegate = self.delegate else {
      |               ^ value 'delegate' was defined but never used; consider replacing with boolean test
  101 |       fatalError("recreateRootView: Missing RCTReactNativeFactoryDelegate")
  102 |     }
  103 |

    Run script build phase '[CP-User] Generate updates resources for expo-updates' will be run during every build because it does not specify any outputs. To address this issue, either add output dependencies to the script phase, or configure it to run in every build by unchecking "Based on dependency analysis" in the script phase. (in target 'EXUpdates' from project 'Pods')
Exited with code: 65

› 5 error(s), and 7 warning(s)

CommandError: Failed to build iOS project. "xcodebuild" exited with error code 65.
CommandError: Failed to build iOS project. "xcodebuild" exited with error code 65.
    at Object.buildAsync (/Users/clisamax/Documents/GITHUB/FormCam/node_modules/@expo/cli/src/run/ios/XcodeBuild.ts:334:13)
    at runIosAsync (/Users/clisamax/Documents/GITHUB/FormCam/node_modules/@expo/cli/src/run/ios/runIosAsync.ts:128:25)
