[2026-02-17 04:13:24] 🚀 Iniciando script – 2026-02-17_04-13-24
[2026-02-17 04:13:24] ✅ Node v24.12.0 OK
[2026-02-17 04:13:24] ✅ Yarn 1.22.22 OK
[2026-02-17 04:13:24] ✅ Expo (SDK) local (54.0.23)
[2026-02-17 04:13:25] ✅ Xcode 26.2 OK
[2026-02-17 04:13:25] ✅ CocoaPods 1.16.2 OK
[2026-02-17 04:13:26] ✅ watchman 2026.01.12.00 encontrado
[2026-02-17 04:13:26] ⚠️ idevice_id não encontrado – usarei fallback via system_profiler.
[2026-02-17 04:13:26] 📦 Instalando dependências com Yarn (frozen‑lockfile)…
yarn install v1.22.22
[1/4] Resolving packages...
(node:70579) [DEP0169] DeprecationWarning: `url.parse()` behavior is not standardized and prone to errors that have security implications. Use the WHATWG URL API instead. CVEs are not issued for `url.parse()` vulnerabilities.
(Use `node --trace-deprecation ...` to show where the warning was created)
success Already up-to-date.
Done in 0.87s.
[2026-02-17 04:13:32] 🧹 Limpando artefatos de build anteriores…
[2026-02-17 04:13:32]    • DerivedData (/Users/clisamax/Library/Developer/Xcode/DerivedData/FormCam-bghffiesmchebqfenymgyejtnsai
/Users/clisamax/Library/Developer/Xcode/DerivedData/FormCam-dafqrjcqenjoxbfbwuupgqbhuhip) removida
[2026-02-17 04:13:32] 🧹 Resetando o cache do Metro…
[2026-02-17 04:13:32]    • Criando RAM‑disk de 2 GB...
[2026-02-17 04:13:32]    • Formatando como APFS (nome: metro-ram)…
[2026-02-17 04:13:32] ❌ ERRO: Falha ao formatar o RAM‑disk para APFS.
