[2026-02-17 03:02:49] 🚀 Iniciando script – 2026-02-17_03-02-49
[2026-02-17 03:02:49] ✅ Node v24.12.0 OK
[2026-02-17 03:02:50] ✅ Yarn 1.22.22 OK
[2026-02-17 03:02:50] ✅ Expo (SDK) local (54.0.23)
[2026-02-17 03:02:50] ✅ Xcode 26.2 OK
[2026-02-17 03:02:52] ✅ CocoaPods 1.16.2 OK
[2026-02-17 03:02:53] ✅ watchman 2026.01.12.00 encontrado
[2026-02-17 03:02:53] ⚠️ idevice_id não encontrado – usarei fallback via system_profiler.
[2026-02-17 03:02:53] 📦 Instalando dependências com Yarn (frozen‑lockfile)…
yarn install v1.22.22
[1/4] Resolving packages...
(node:45825) [DEP0169] DeprecationWarning: `url.parse()` behavior is not standardized and prone to errors that have security implications. Use the WHATWG URL API instead. CVEs are not issued for `url.parse()` vulnerabilities.
(Use `node --trace-deprecation ...` to show where the warning was created)
success Already up-to-date.
Done in 0.20s.
[2026-02-17 03:02:53] 🧹 Limpando artefatos de build anteriores…
[2026-02-17 03:02:53]    • ios/build removida
[2026-02-17 03:02:53]    • .expo removida
[2026-02-17 03:02:53]    • DerivedData (/Users/clisamax/Library/Developer/Xcode/DerivedData/FormCam-bghffiesmchebqfenymgyejtnsai
/Users/clisamax/Library/Developer/Xcode/DerivedData/FormCam-dafqrjcqenjoxbfbwuupgqbhuhip) removida
[2026-02-17 03:02:53] 🧹 Resetando o cache do Metro…
[2026-02-17 03:02:53]    • RAM‑disk não encontrado – criando (2 GB)…
[2026-02-17 03:03:04] ❌ ERRO: Falha ao montar o RAM‑disk.
