[2026-02-16 02:21:28] 🚀 Iniciando script de build – 2026-02-16_02-21-28
[2026-02-16 02:21:29] ✅ Node v24.12.0 OK
[2026-02-16 02:21:29] ✅ Yarn 1.22.22 OK
[2026-02-16 02:21:29] ✅ Expo CLI global (6.3.10)
[2026-02-16 02:21:29] ✅ Xcode 26.2 OK
[2026-02-16 02:21:30] ✅ CocoaPods 1.16.2 OK
[2026-02-16 02:21:30] ✅ watchman 2026.01.12.00 encontrado
[2026-02-16 02:21:30] ⚠️ idevice_id não encontrado – usarei fallback via system_profiler.
[2026-02-16 02:21:30] 📦 Instalando dependências com Yarn (frozen‑lockfile)…
yarn install v1.22.22
[1/4] Resolving packages...
(node:16293) [DEP0169] DeprecationWarning: `url.parse()` behavior is not standardized and prone to errors that have security implications. Use the WHATWG URL API instead. CVEs are not issued for `url.parse()` vulnerabilities.
(Use `node --trace-deprecation ...` to show where the warning was created)
success Already up-to-date.
Done in 0.24s.
[2026-02-16 02:21:30] 🧹 Limpando artefatos de build anteriores…
[2026-02-16 02:21:30]    • DerivedData (/Users/clisamax/Library/Developer/Xcode/DerivedData/FormCam-bghffiesmchebqfenymgyejtnsai
/Users/clisamax/Library/Developer/Xcode/DerivedData/FormCam-dafqrjcqenjoxbfbwuupgqbhuhip) removida
[2026-02-16 02:21:30] 🧹 Resetando o cache do Metro…
[2026-02-16 02:21:30] ❌ ERRO: Não foi possível criar /Volumes/metro-ram/metro-cache
