[2026-02-17 04:15:01] 🚀 Iniciando script – 2026-02-17_04-15-01
[2026-02-17 04:15:02] ✅ Node v24.12.0 OK
[2026-02-17 04:15:02] ✅ Yarn 1.22.22 OK
[2026-02-17 04:15:02] ✅ Expo (SDK) local (54.0.23)
[2026-02-17 04:15:03] ✅ Xcode 26.2 OK
[2026-02-17 04:15:05] ✅ CocoaPods 1.16.2 OK
[2026-02-17 04:15:05] ✅ watchman 2026.01.12.00 encontrado
[2026-02-17 04:15:05] ⚠️ idevice_id não encontrado – usarei fallback via system_profiler.
[2026-02-17 04:15:05] 📦 Instalando dependências com Yarn (frozen‑lockfile)…
yarn install v1.22.22
[1/4] Resolving packages...
(node:72379) [DEP0169] DeprecationWarning: `url.parse()` behavior is not standardized and prone to errors that have security implications. Use the WHATWG URL API instead. CVEs are not issued for `url.parse()` vulnerabilities.
(Use `node --trace-deprecation ...` to show where the warning was created)
success Already up-to-date.
Done in 1.50s.
[2026-02-17 04:15:07] 🧹 Limpando artefatos de build anteriores…
[2026-02-17 04:15:07]    • DerivedData (/Users/clisamax/Library/Developer/Xcode/DerivedData/FormCam-bghffiesmchebqfenymgyejtnsai
/Users/clisamax/Library/Developer/Xcode/DerivedData/FormCam-dafqrjcqenjoxbfbwuupgqbhuhip) removida
[2026-02-17 04:15:07] 🧹 Resetando o cache do Metro…
[2026-02-17 04:15:07]    • Criando RAM‑disk de 2g…
[2026-02-17 04:15:07] ❌ ERRO: Falha ao criar RAM‑disk (hdiutil).
