[2026-02-17 14:57:30] 🚀 Iniciando script – 2026-02-17_14-57-30
[2026-02-17 14:57:30] ✅ Node v24.12.0 OK
[2026-02-17 14:57:30] ✅ Yarn 4.12.0 OK
[2026-02-17 14:57:30] ✅ Xcode 26.2 OK
[2026-02-17 14:57:31] ✅ CocoaPods 1.16.2 OK
[2026-02-17 14:57:31] ✅ libimobiledevice (idevicepair) disponível
[2026-02-17 14:57:31] ✅ DEVELOPMENT_TEAM detectado no pbxproj: VW658NV936
[2026-02-17 14:57:31] 🚀 Script iniciado – 2026-02-17_14-57-30
[2026-02-17 14:57:31] 🧹 Iniciando limpeza rápida dos artefatos da build anterior…
[2026-02-17 14:57:31]    • Jobs paralelos permitidos: 10
[2026-02-17 14:57:31]    • Aguardando finalização das remoções async…
[2026-02-17 14:57:31] ✅ Limpeza rápida concluída.
[2026-02-17 14:57:31] 📦 Instalando dependências JavaScript (Yarn)…
➤ YN0050: The --frozen-lockfile option is deprecated; use --immutable and/or --immutable-cache instead

➤ YN0000: · Yarn 4.12.0
➤ YN0000: ┌ Resolution step
➤ YN0000: └ Completed
➤ YN0000: ┌ Post-resolution validation
➤ YN0060: │ react is listed by your project with version 19.1.0 (pf5c6e9), which doesn't satisfy what react-test-renderer and other dependencies request (but they have non-overlapping ranges!).
➤ YN0086: │ Some peer dependencies are incorrectly met by your project; run yarn explain peer-requirements <hash> for details, where <hash> is the six-letter p-prefixed code.
➤ YN0086: │ Some peer dependencies are incorrectly met by dependencies; run yarn explain peer-requirements for details.
➤ YN0000: └ Completed
➤ YN0000: ┌ Fetch step
➤ YN0000: └ Completed in 0s 546ms
➤ YN0000: ┌ Link step
➤ YN0007: │ @biomejs/biome@npm:1.9.2 must be built because it never has been before or the last one failed
➤ YN0007: │ aws-sdk@npm:2.1693.0 must be built because it never has been before or the last one failed
➤ YN0000: └ Completed in 19s 546ms
➤ YN0000: · Done with warnings in 20s 590ms
[2026-02-17 14:57:52] ✅ Yarn install concluído.
[2026-02-17 14:57:52] 🩺 Executando expo‑doctor...
[2026-02-17 14:57:52] ⚡ expo‑doctor ausente – instalando como dev‑dependency
[2026-02-17 14:57:52]    • Executando: yarn
add
-D
expo-doctor
➤ YN0000: · Yarn 4.12.0
➤ YN0000: ┌ Resolution step
➤ YN0000: └ Completed in 0s 630ms
➤ YN0000: ┌ Post-resolution validation
➤ YN0060: │ react is listed by your project with version 19.1.0 (pf5c6e9), which doesn't satisfy what react-test-renderer and other dependencies request (but they have non-overlapping ranges!).
➤ YN0086: │ Some peer dependencies are incorrectly met by your project; run yarn explain peer-requirements <hash> for details, where <hash> is the six-letter p-prefixed code.
➤ YN0086: │ Some peer dependencies are incorrectly met by dependencies; run yarn explain peer-requirements for details.
➤ YN0000: └ Completed
➤ YN0000: ┌ Fetch step
➤ YN0000: └ Completed in 1s 856ms
➤ YN0000: ┌ Link step
➤ YN0000: └ Completed in 0s 901ms
➤ YN0000: · Done with warnings in 3s 888ms
[2026-02-17 14:57:57]    • Executando: npx
expo-doctor
env: load .env
env: export EXPO_PUBLIC_API_URL EXPO_PUBLIC_IMMICH_URL EXPO_PUBLIC_IMMICH_API_KEY
Running 17 checks on your project...
17/17 checks passed. No issues detected!
[2026-02-17 14:58:07] ✅ expo‑doctor finalizado sem erros críticos.
[2026-02-17 14:58:07] 📦 Instalando pods iOS…
[2026-02-17 14:58:07]    • Rodando expo prebuild --clean…
[2026-02-17 14:58:07]    • Executando: npx
expo
prebuild
--clean
env: load .env
env: export EXPO_PUBLIC_API_URL EXPO_PUBLIC_IMMICH_URL EXPO_PUBLIC_IMMICH_API_KEY
! Git branch has uncommitted file changes
› It's recommended to commit all changes before proceeding in case you want to revert generated changes.
Git status is dirty but the command will continue because the terminal is not interactive.
- Clearing android, ios
✔ Cleared android, ios code
- Creating native directories (./ios and ./android)
✔ Created native directories
- Updating package.json
✔ Updated package.json | no changes
- Running prebuild
✔ Finished prebuild
- Installing CocoaPods...
✔ Installed CocoaPods
[2026-02-17 14:59:29]    • Executando: pod
install
--repo-update
Using Expo modules
[Expo] Enabling modular headers for pod ExpoModulesCore
[Expo] Enabling modular headers for pod React-RCTAppDelegate
[Expo] Enabling modular headers for pod React-RCTFabric
[Expo] Enabling modular headers for pod ReactAppDependencyProvider
[Expo] Enabling modular headers for pod React-Core
[Expo] Enabling modular headers for pod ReactCodegen
[Expo] Enabling modular headers for pod RCTRequired
[Expo] Enabling modular headers for pod RCTTypeSafety
[Expo] Enabling modular headers for pod ReactCommon
[Expo] Enabling modular headers for pod React-NativeModulesApple
[Expo] Enabling modular headers for pod Yoga
[Expo] Enabling modular headers for pod React-Fabric
[Expo] Enabling modular headers for pod React-graphics
[Expo] Enabling modular headers for pod React-utils
[Expo] Enabling modular headers for pod React-featureflags
[Expo] Enabling modular headers for pod React-debug
[Expo] Enabling modular headers for pod React-ImageManager
[Expo] Enabling modular headers for pod React-rendererdebug
[Expo] Enabling modular headers for pod React-jsi
[Expo] Enabling modular headers for pod React-renderercss
[Expo] Enabling modular headers for pod hermes-engine
[Expo] Enabling modular headers for pod glog
[Expo] Enabling modular headers for pod boost
[Expo] Enabling modular headers for pod DoubleConversion
[Expo] Enabling modular headers for pod fast_float
[Expo] Enabling modular headers for pod fmt
[Expo] Enabling modular headers for pod RCT-Folly
[Expo] Enabling modular headers for pod SocketRocket
[Expo] Enabling modular headers for pod ZXingObjC
[Expo] Enabling modular headers for pod expo-dev-menu-interface
[Expo] Enabling modular headers for pod EXManifests
[Expo] Enabling modular headers for pod EXUpdatesInterface
[Expo] Enabling modular headers for pod expo-dev-menu
[Expo] Enabling modular headers for pod React-jsinspector
[Expo] Enabling modular headers for pod expo-dev-launcher
[Expo] Enabling modular headers for pod EXImageLoader
[Expo] Enabling modular headers for pod SDWebImageWebPCoder
[Expo] Enabling modular headers for pod RNScreens
[Expo] Enabling modular headers for pod EXStructuredHeaders
[Expo] Enabling modular headers for pod EASClient
[Expo] Enabling modular headers for pod ReachabilitySwift
Found 10 modules for target `FormCam`
link_native_modules! {:ios_packages=>[{:configurations=>[], :name=>"@react-native-async-storage/async-storage", :root=>"/Users/clisamax/Documents/GITHUB/FormCam/node_modules/@react-native-async-storage/async-storage", :path=>"../node_modules/@react-native-async-storage/async-storage", :podspec_path=>"/Users/clisamax/Documents/GITHUB/FormCam/node_modules/@react-native-async-storage/async-storage/RNCAsyncStorage.podspec", :script_phases=>[]}, {:configurations=>[], :name=>"@react-native-community/datetimepicker", :root=>"/Users/clisamax/Documents/GITHUB/FormCam/node_modules/@react-native-community/datetimepicker", :path=>"../node_modules/@react-native-community/datetimepicker", :podspec_path=>"/Users/clisamax/Documents/GITHUB/FormCam/node_modules/@react-native-community/datetimepicker/RNDateTimePicker.podspec", :script_phases=>[]}, {:configurations=>[], :name=>"@react-native-community/netinfo", :root=>"/Users/clisamax/Documents/GITHUB/FormCam/node_modules/@react-native-community/netinfo", :path=>"../node_modules/@react-native-community/netinfo", :podspec_path=>"/Users/clisamax/Documents/GITHUB/FormCam/node_modules/@react-native-community/netinfo/react-native-netinfo.podspec", :script_phases=>[]}, {:configurations=>[], :name=>"expo", :root=>"/Users/clisamax/Documents/GITHUB/FormCam/node_modules/expo", :path=>"../node_modules/expo", :podspec_path=>"/Users/clisamax/Documents/GITHUB/FormCam/node_modules/expo/Expo.podspec", :script_phases=>[]}, {:configurations=>[], :name=>"react-native-gesture-handler", :root=>"/Users/clisamax/Documents/GITHUB/FormCam/node_modules/react-native-gesture-handler", :path=>"../node_modules/react-native-gesture-handler", :podspec_path=>"/Users/clisamax/Documents/GITHUB/FormCam/node_modules/react-native-gesture-handler/RNGestureHandler.podspec", :script_phases=>[]}, {:configurations=>[], :name=>"react-native-reanimated", :root=>"/Users/clisamax/Documents/GITHUB/FormCam/node_modules/react-native-reanimated", :path=>"../node_modules/react-native-reanimated", :podspec_path=>"/Users/clisamax/Documents/GITHUB/FormCam/node_modules/react-native-reanimated/RNReanimated.podspec", :script_phases=>[]}, {:configurations=>[], :name=>"react-native-safe-area-context", :root=>"/Users/clisamax/Documents/GITHUB/FormCam/node_modules/react-native-safe-area-context", :path=>"../node_modules/react-native-safe-area-context", :podspec_path=>"/Users/clisamax/Documents/GITHUB/FormCam/node_modules/react-native-safe-area-context/react-native-safe-area-context.podspec", :script_phases=>[]}, {:configurations=>[], :name=>"react-native-screens", :root=>"/Users/clisamax/Documents/GITHUB/FormCam/node_modules/react-native-screens", :path=>"../node_modules/react-native-screens", :podspec_path=>"/Users/clisamax/Documents/GITHUB/FormCam/node_modules/react-native-screens/RNScreens.podspec", :script_phases=>[]}, {:configurations=>[], :name=>"react-native-vector-icons", :root=>"/Users/clisamax/Documents/GITHUB/FormCam/node_modules/react-native-vector-icons", :path=>"../node_modules/react-native-vector-icons", :podspec_path=>"/Users/clisamax/Documents/GITHUB/FormCam/node_modules/react-native-vector-icons/RNVectorIcons.podspec", :script_phases=>[]}, {:configurations=>[], :name=>"react-native-worklets", :root=>"/Users/clisamax/Documents/GITHUB/FormCam/node_modules/react-native-worklets", :path=>"../node_modules/react-native-worklets", :podspec_path=>"/Users/clisamax/Documents/GITHUB/FormCam/node_modules/react-native-worklets/RNWorklets.podspec", :script_phases=>[]}], :ios_project_root_path=>"/Users/clisamax/Documents/GITHUB/FormCam/ios", :react_native_path=>"../node_modules/react-native"}
Auto-linking React Native modules for target `FormCam`: RNCAsyncStorage, RNDateTimePicker, RNGestureHandler, RNReanimated, RNScreens, RNVectorIcons, RNWorklets, react-native-netinfo, and react-native-safe-area-context
Framework build type is static library
[ReactNativeDependencies] Setting up ReactNativeDependencies...
[ReactNativeDependencies] Building from source: false
[ReactNativeDependencies] Using release tarball
[ReactNativeDependencies] Using tarball from URL: https://repo1.maven.org/maven2/com/facebook/react/react-native-artifacts/0.81.5/react-native-artifacts-0.81.5-reactnative-dependencies-debug.tar.gz
[ReactNativeDependencies] Source: {:http=>"https://repo1.maven.org/maven2/com/facebook/react/react-native-artifacts/0.81.5/react-native-artifacts-0.81.5-reactnative-dependencies-debug.tar.gz"}
[ReactNativeCore] Setting up ReactNativeCore...
[ReactNativeCore] Building from source: false
[ReactNativeCore] Using tarball from URL: https://repo1.maven.org/maven2/com/facebook/react/react-native-artifacts/0.81.5/react-native-artifacts-0.81.5-reactnative-core-debug.tar.gz
[ReactNativeCore] Source: {:http=>"https://repo1.maven.org/maven2/com/facebook/react/react-native-artifacts/0.81.5/react-native-artifacts-0.81.5-reactnative-core-debug.tar.gz"}
Configuring the target with the New Architecture
[ReactNativeCore] Using React Native Core and React Native Dependencies prebuilt versions.
[36m[1m[Codegen][0m Analyzing /Users/clisamax/Documents/GITHUB/FormCam/package.json[0m
[36m[1m[Codegen][0m [33mSearching for codegen-enabled libraries in the app.[0m
[36m[1m[Codegen][0m [33mThe "codegenConfig" field is not defined in package.json. Assuming there is nothing to generate at the app level.[0m
[36m[1m[Codegen][0m [33mSearching for codegen-enabled libraries in react-native.config.js[0m
[36m[1m[Codegen][0m Found @react-native-async-storage/async-storage[0m
[36m[1m[Codegen][0m Found @react-native-community/datetimepicker[0m
[36m[1m[Codegen][0m Found react-native-gesture-handler[0m
[36m[1m[Codegen][0m Found react-native-reanimated[0m
[36m[1m[Codegen][0m Found react-native-safe-area-context[0m
[36m[1m[Codegen][0m Found react-native-screens[0m
[36m[1m[Codegen][0m Found react-native-vector-icons[0m
[36m[1m[Codegen][0m Found react-native-worklets[0m
[36m[1m[Codegen][0m Processing rnasyncstorage[0m
[36m[1m[Codegen][0m [33mSearching for podspec in the project dependencies.[0m
[36m[1m[Codegen][0m Supported Apple platforms: ios, macos, tvos, visionos for rnasyncstorage[0m
[36m[1m[Codegen][0m Processing RNDateTimePickerCGen[0m
[36m[1m[Codegen][0m [33mSearching for podspec in the project dependencies.[0m
[36m[1m[Codegen][0m Supported Apple platforms: ios, visionos for RNDateTimePickerCGen[0m
[36m[1m[Codegen][0m Processing rngesturehandler_codegen[0m
[36m[1m[Codegen][0m [33mSearching for podspec in the project dependencies.[0m
[36m[1m[Codegen][0m Supported Apple platforms: ios, macos, tvos, visionos for rngesturehandler_codegen[0m
[36m[1m[Codegen][0m Processing rnreanimated[0m
[36m[1m[Codegen][0m [33mSearching for podspec in the project dependencies.[0m
[36m[1m[Codegen][0m Supported Apple platforms: ios, macos, tvos, visionos for rnreanimated[0m
[36m[1m[Codegen][0m Processing safeareacontext[0m
[36m[1m[Codegen][0m [33mSearching for podspec in the project dependencies.[0m
[36m[1m[Codegen][0m Supported Apple platforms: ios, macos, tvos, visionos for safeareacontext[0m
[36m[1m[Codegen][0m Processing rnscreens[0m
[36m[1m[Codegen][0m [33mSearching for podspec in the project dependencies.[0m
[36m[1m[Codegen][0m Supported Apple platforms: ios, tvos, visionos for rnscreens[0m
[36m[1m[Codegen][0m Processing RNVectorIconsSpec[0m
[36m[1m[Codegen][0m [33mSearching for podspec in the project dependencies.[0m
[36m[1m[Codegen][0m Supported Apple platforms: ios, tvos, visionos for RNVectorIconsSpec[0m
[36m[1m[Codegen][0m Processing rnworklets[0m
[36m[1m[Codegen][0m [33mSearching for podspec in the project dependencies.[0m
[36m[1m[Codegen][0m Supported Apple platforms: ios, macos, tvos, visionos for rnworklets[0m
[36m[1m[Codegen][0m Generating Native Code for rnasyncstorage - ios[0m
[36m[1m[Codegen][0m Generated artifacts: /Users/clisamax/Documents/GITHUB/FormCam/ios/build/generated/ios[0m
[36m[1m[Codegen][0m Generating Native Code for RNDateTimePickerCGen - ios[0m
[36m[1m[Codegen][0m Generated artifacts: /Users/clisamax/Documents/GITHUB/FormCam/ios/build/generated/ios[0m
[36m[1m[Codegen][0m Generating Native Code for rngesturehandler_codegen - ios[0m
[36m[1m[Codegen][0m Generated artifacts: /Users/clisamax/Documents/GITHUB/FormCam/ios/build/generated/ios[0m
[36m[1m[Codegen][0m Generating Native Code for rnreanimated - ios[0m
[36m[1m[Codegen][0m Generated artifacts: /Users/clisamax/Documents/GITHUB/FormCam/ios/build/generated/ios[0m
[36m[1m[Codegen][0m Generating Native Code for safeareacontext - ios[0m
[36m[1m[Codegen][0m Generated artifacts: /Users/clisamax/Documents/GITHUB/FormCam/ios/build/generated/ios[0m
[36m[1m[Codegen][0m Generating Native Code for rnscreens - ios[0m
[36m[1m[Codegen][0m Generated artifacts: /Users/clisamax/Documents/GITHUB/FormCam/ios/build/generated/ios[0m
[36m[1m[Codegen][0m Generating Native Code for RNVectorIconsSpec - ios[0m
[36m[1m[Codegen][0m Generated artifacts: /Users/clisamax/Documents/GITHUB/FormCam/ios/build/generated/ios[0m
[36m[1m[Codegen][0m Generating Native Code for rnworklets - ios[0m
[36m[1m[Codegen][0m Generated artifacts: /Users/clisamax/Documents/GITHUB/FormCam/ios/build/generated/ios[0m
[36m[1m[Codegen][0m Generating RCTThirdPartyComponentsProvider.h[0m
[36m[1m[Codegen][0m Generated artifact: /Users/clisamax/Documents/GITHUB/FormCam/ios/build/generated/ios/RCTThirdPartyComponentsProvider.h[0m
[36m[1m[Codegen][0m Generating RCTThirdPartyComponentsProvider.mm[0m
[36m[1m[Codegen][0m Generated artifact: /Users/clisamax/Documents/GITHUB/FormCam/ios/build/generated/ios/RCTThirdPartyComponentsProvider.mm[0m
[36m[1m[Codegen][0m Generating RCTModulesProvider.h[0m
[36m[1m[Codegen][0m Generated artifact: /Users/clisamax/Documents/GITHUB/FormCam/ios/build/generated/ios/RCTModuleProviders.h[0m
[36m[1m[Codegen][0m Generating RCTModuleProviders.mm[0m
[36m[1m[Codegen][0m Generated artifact: /Users/clisamax/Documents/GITHUB/FormCam/ios/build/generated/ios/RCTModuleProviders.mm[0m
[36m[1m[Codegen][0m Generating RCTAppDependencyProvider[0m
[36m[1m[Codegen][0m Generated artifact: /Users/clisamax/Documents/GITHUB/FormCam/ios/build/generated/ios/RCTAppDependencyProvider.h[0m
[36m[1m[Codegen][0m Generated artifact: /Users/clisamax/Documents/GITHUB/FormCam/ios/build/generated/ios/RCTAppDependencyProvider.mm[0m
[36m[1m[Codegen][0m Generated podspec: /Users/clisamax/Documents/GITHUB/FormCam/ios/build/generated/ios/ReactAppDependencyProvider.podspec[0m
[36m[1m[Codegen][0m Generated podspec: /Users/clisamax/Documents/GITHUB/FormCam/ios/build/generated/ios/ReactCodegen.podspec[0m
[36m[1m[Codegen][0m [33mDone.[0m
[ReactNativeDependencies] Using release tarball
[ReactNativeDependencies] Using tarball from URL: https://repo1.maven.org/maven2/com/facebook/react/react-native-artifacts/0.81.5/react-native-artifacts-0.81.5-reactnative-dependencies-debug.tar.gz
Updating local specs repositories
Analyzing dependencies
Downloading dependencies
Generating Pods project
Setting USE_HERMES build settings
Setting REACT_NATIVE_PATH build settings
Setting SWIFT_ACTIVE_COMPILATION_CONDITIONS build settings
[Ccache]: Removing Ccache from CC, LD, CXX & LDPLUSPLUS build settings
Setting SWIFT_ENABLE_EXPLICIT_MODULES build settings
[SPM] Cleaning old SPM dependencies from Pods project
[SPM] Adding SPM dependencies to Pods project
[Privacy Manifest Aggregation] Appending aggregated reasons to existing PrivacyInfo.xcprivacy file.
[Privacy Manifest Aggregation] Reading .xcprivacy files to aggregate all used Required Reason APIs.
Setting CLANG_CXX_LANGUAGE_STANDARD to c++20 on /Users/clisamax/Documents/GITHUB/FormCam/ios/FormCam.xcodeproj

==================== DEPRECATION NOTICE =====================
Calling `pod install` directly is deprecated in React Native
because we are moving away from Cocoapods toward alternative
solutions to build the project.
* If you are using Expo, please run:
`npx expo run:ios`
* If you are using the Community CLI, please run:
`yarn ios`
=============================================================

Pod install took 23 [s] to run
Integrating client project
Pod installation complete! There are 103 dependencies from the Podfile and 107 total pods installed.
[Expo] Adding '[Expo Autolinking] Run Codegen with autolinking' build phase to ReactCodegen
[2026-02-17 14:59:56] ✅ Pods instalados.
[2026-02-17 14:59:56] 🔎 Testando compilação com xcodebuild (Debug)…
[2026-02-17 14:59:56]    • Executando: xcodebuild
-workspace
FormCam.xcworkspace
-scheme
FormCam
-configuration
Debug
-sdk
iphoneos
-derivedDataPath
build
-jobs
10
-allowProvisioningUpdates
-teamID
VW658NV936
clean
build
2026-02-17 14:59:56.504 xcodebuild[13607:927601] Writing error result bundle to /var/folders/88/p03mzgs51pj3xpcnz_66wt_w0000gn/T/ResultBundle_2026-17-02_14-59-0056.xcresult
xcodebuild: error: invalid option '-teamID'

Usage: xcodebuild [-project <projectname>] [[-target <targetname>]...|-alltargets] [-configuration <configurationname>] [-arch <architecture>]... [-sdk [<sdkname>|<sdkpath>]] [-showBuildSettings [-json]] [<buildsetting>=<value>]... [<buildaction>]...
       xcodebuild [-project <projectname>] -scheme <schemeName> [-destination <destinationspecifier>]... [-configuration <configurationname>] [-arch <architecture>]... [-sdk [<sdkname>|<sdkpath>]] [-showBuildSettings [-json]] [-showdestinations] [<buildsetting>=<value>]... [<buildaction>]...
       xcodebuild -workspace <workspacename> -scheme <schemeName> [-destination <destinationspecifier>]... [-configuration <configurationname>] [-arch <architecture>]... [-sdk [<sdkname>|<sdkpath>]] [-showBuildSettings] [-showdestinations] [<buildsetting>=<value>]... [<buildaction>]...
       xcodebuild -version [-sdk [<sdkfullpath>|<sdkname>] [-json] [<infoitem>] ]
       xcodebuild -list [[-project <projectname>]|[-workspace <workspacename>]] [-json]
       xcodebuild -showsdks [-json]
       xcodebuild -exportArchive -archivePath <xcarchivepath> [-exportPath <destinationpath>] -exportOptionsPlist <plistpath>
       xcodebuild -exportNotarizedApp -archivePath <xcarchivepath> -exportPath <destinationpath>
       xcodebuild -exportLocalizations -localizationPath <path> -project <projectname> [-defaultLanguage <language>] [-exportLanguage <targetlanguage>... [-includeScreenshots]]
       xcodebuild -importLocalizations -localizationPath <path> -project <projectname> [-mergeImport]
       xcodebuild -resolvePackageDependencies [-project <projectname>|-workspace <workspacename>] -clonedSourcePackagesDirPath <path>
       xcodebuild -create-xcframework [-help] [-framework <path>] [-library <path> [-headers <path>]] -output <path>
       xcodebuild -downloadPlatform <iOS|watchOS|tvOS|visionOS>  [-exportPath <destinationpath> -buildVersion <osversion> -architectureVariant <universal|arm64>]
       xcodebuild -downloadAllPlatforms [-exportPath <destinationpath> -architectureVariant <universal|arm64>]
       xcodebuild -importPlatform <simruntimedmgpath>
       xcodebuild -downloadComponent <componenttype> [-exportPath <destinationpath> -buildVersion <assetversion>]
       xcodebuild -importComponent <componenttype> -importPath <bundlepath>
       xcodebuild -deleteComponent <componenttype>
       xcodebuild -showComponent <componenttype> [-json]

Options:
    -usage                                                   print brief usage
    -help                                                    print complete usage
    -verbose                                                 provide additional status output
    -license                                                 show the Xcode and SDK license agreements
    -checkFirstLaunchStatus                                  Check if any First Launch tasks need to be performed
    -runFirstLaunch                                          install packages and agree to the license. Add an `-checkForNewerComponents` flag to check for any additional Xcode Device support components.
    -downloadAllPlatforms                                    downloads a matching simulator runtime for every platform in this Xcode
    -prepareDeviceSupport                                    prepares the Device Support symbols folder for the device
    -downloadPlatform NAME                                   download the platform NAME
    -importPlatform DMG_Path                                 import the platform NAME
    -downloadComponent NAME                                  downloads the specified component. Supported component: MetalToolchain.
    -importComponent NAME                                    import the component NAME
    -deleteComponent NAME                                    delete the component NAME
    -showComponent NAME                                      show details for the specified component NAME
    -project NAME                                            build the project NAME
    -target NAME                                             build the target NAME
    -alltargets                                              build all targets
    -workspace NAME                                          build the workspace NAME
    -scheme NAME                                             build the scheme NAME
    -configuration NAME                                      use the build configuration NAME for building each target
    -xcconfig PATH                                           apply the build settings defined in the file at PATH as overrides
    -arch ARCH                                               build each target for the architecture ARCH; this will override architectures defined in the project
    -sdk SDK                                                 use SDK as the name or path of the base SDK when building the project
    -toolchain NAME                                          use the toolchain with identifier or name NAME
    -destination DESTINATIONSPECIFIER                        use the destination described by DESTINATIONSPECIFIER (a comma-separated set of key=value pairs describing the destination to use)
    -destination-timeout TIMEOUT                             wait for TIMEOUT seconds while searching for the destination device
    -parallelizeTargets                                      build independent targets in parallel
    -jobs NUMBER                                             specify the maximum number of concurrent build operations
    -maximum-concurrent-test-device-destinations NUMBER      the maximum number of device destinations to test on concurrently
    -maximum-concurrent-test-simulator-destinations NUMBER   the maximum number of simulator destinations to test on concurrently
    -parallel-testing-enabled YES|NO                         overrides the per-target setting in the scheme
    -parallel-testing-worker-count NUMBER                    the exact number of test runners that will be spawned during parallel testing
    -maximum-parallel-testing-workers NUMBER                 the maximum number of test runners that will be spawned during parallel testing
    -dry-run                                                 do everything except actually running the commands
    -quiet                                                   do not print any output except for warnings and errors
    -hideShellScriptEnvironment                              don't show shell script environment variables in build log
    -showsdks                                                display a compact list of the installed SDKs
    -showdestinations                                        display a list of destinations
    -showTestPlans                                           display a list of test plans
    -showBuildSettings                                       display a list of build settings and values
    -showBuildSettingsForIndex                               display build settings for the index service
    -list                                                    lists the targets and configurations in a project, or the schemes in a workspace
    -find-executable NAME                                    display the full path to executable NAME in the provided SDK and toolchain
    -find-library NAME                                       display the full path to library NAME in the provided SDK and toolchain
    -version                                                 display the version of Xcode; with -sdk will display info about one or all installed SDKs
    -enableAddressSanitizer YES|NO                           turn the address sanitizer on or off
    -enableThreadSanitizer YES|NO                            turn the thread sanitizer on or off
    -enableUndefinedBehaviorSanitizer YES|NO                 turn the undefined behavior sanitizer on or off
    -resultBundlePath PATH                                   specifies the directory where a result bundle describing what occurred will be placed
    -resultStreamPath PATH                                   specifies the file where a result stream will be written to (the file must already exist)
    -resultBundleVersion 3 [default]                         specifies which result bundle version should be used
    -clonedSourcePackagesDirPath PATH                        specifies the directory to which remote source packages are fetch or expected to be found
    -derivedDataPath PATH                                    specifies the directory where build products and other derived data will go
    -archivePath PATH                                        specifies the directory where any created archives will be placed, or the archive that should be exported
    -exportArchive                                           specifies that an archive should be exported
    -exportNotarizedApp                                      export an archive that has been notarized by Apple
    -exportOptionsPlist PATH                                 specifies a path to a plist file that configures archive exporting
    -enableCodeCoverage YES|NO                               turn code coverage on or off when testing
    -exportPath PATH                                         specifies the destination for the product exported from an archive
    -importPath PATH                                         specifies the source location for the product that will be imported
    -skipUnavailableActions                                  specifies that scheme actions that cannot be performed should be skipped instead of causing a failure
    -exportLocalizations                                     exports completed and outstanding project localizations
    -importLocalizations                                     imports localizations for a project, assuming any necessary localized resources have been created in Xcode
    -localizationPath                                        specifies a path to XLIFF localization files
    -exportLanguage                                          specifies multiple optional ISO 639-1 languages included in a localization export
    -defaultLanguage                                         specifies the default ISO 639-1 language to be used as the source language on export
    -xctestrun                                               specifies a path to a test run specification
    -testProductsPath                                        specifies a path for the test products
    -enablePerformanceTestsDiagnostics YES|NO                enables performance trace and memgraph collection for performance XCTests
    -testPlan                                                specifies the name of the test plan associated with the scheme to use for testing
    -only-testing                                            constrains testing by specifying tests to include, and excluding other tests
    -only-testing:TEST-IDENTIFIER                            constrains testing by specifying tests to include, and excluding other tests
    -skip-testing                                            constrains testing by specifying tests to exclude, but including other tests
    -skip-testing:TEST-IDENTIFIER                            constrains testing by specifying tests to exclude, but including other tests
    -test-timeouts-enabled YES|NO                            enable or disable test timeout behavior
    -default-test-execution-time-allowance SECONDS           the default execution time an individual test is given to execute, if test timeouts are enabled
    -maximum-test-execution-time-allowance SECONDS           the maximum execution time an individual test is given to execute, regardless of the test's preferred allowance
    -test-iterations <number>                                If specified, tests will run <number> times. May be used in conjunction with either -retry-tests-on-failure or -run-tests-until-failure, in which case this will become the maximum number of iterations.
    -retry-tests-on-failure                                  If specified, tests will retry on failure. May be used in conjunction with -test-iterations <number>, in which case <number> will be the maximum number of iterations. Otherwise, a maximum of 3 is assumed. May not be used with -run-tests-until-failure.
    -run-tests-until-failure                                 If specified, tests will run until they fail. May be used in conjunction with -test-iterations <number>, in which case <number> will be the maximum number of iterations. Otherwise, a maximum of 100 is assumed. May not be used with -retry-tests-on-failure.
    -test-repetition-relaunch-enabled YES|NO                 Enable or disable, tests repeating in a new process for each repetition.  Must be used in conjunction with -test-iterations, -retry-tests-on-failure, or -run-tests-until-failure. If not specified, tests will repeat in the same process.
    -only-test-configuration                                 constrains testing by specifying test configurations to include, and excluding other test configurations
    -skip-test-configuration                                 constrains testing by specifying test configurations to exclude, but including other test configurations
    -collect-test-diagnostics on-failure|never               Whether or not testing collects verbose diagnostics (like a sysdiagnose) when encountering a failure
    -testLanguage                                            constrains testing by specifying ISO 639-1 language in which to run the tests
    -testRegion                                              constrains testing by specifying ISO 3166-1 region in which to run the tests
    -enumerate-tests                                         Enumerate the tests that would be executed by this command without actually executing them
    -test-enumeration-style                                  The style in which to enumerate the tests. Valid styles: flat, hierarchical
    -test-enumeration-format                                 The output format of the enumerated tests. Valid formats: text, json
    -test-enumeration-output-path                            The path (relative or absolute) where the results of test enumeration should be written. If '-' is supplied, writes to standard out.
    -resolvePackageDependencies                              resolves any Swift package dependencies referenced by the project or workspace
    -disableAutomaticPackageResolution                       prevents packages from automatically being resolved to versions other than those recorded in the `Package.resolved` file
    -onlyUsePackageVersionsFromResolvedFile                  prevents packages from automatically being resolved to versions other than those recorded in the `Package.resolved` file
    -skipPackageUpdates                                      Skip updating package dependencies from their remote
    -disablePackageRepositoryCache                           disable use of a local cache of remote package repositories
    -skipPackagePluginValidation                             Skip validation of package plugins (this can be a security risk if they are not from trusted sources)
    -skipMacroValidation                                     Skip validation of macros (this can be a security risk if they are not from trusted sources)
    -packageCachePath                                        path of caches used for package support
    -packageAuthorizationProvider keychain|netrc             Specify the credential store to be used when resolving packages
    -defaultPackageRegistryURL                               URL of the default package registry
    -packageDependencySCMToRegistryTransformation            specifies the transformation to apply to SCM-based package dependencies (none, useRegistryIdentity, or useRegistryIdentityAndSources)
    -skipPackageSignatureValidation                          Skip validation of package signatures (this can be a security risk if they are not from trusted sources)
    -packageFingerprintPolicy                                Package fingerprint checking policy (`warn` or `strict`)
    -packageSigningEntityPolicy                              Package signing entity checking policy (`warn` or `strict`)
    -json                                                    output as JSON (note: -json implies -quiet)
    -allowProvisioningUpdates                                Allow xcodebuild to communicate with the Apple Developer website. For automatically signed targets, xcodebuild will create and update profiles, app IDs, and certificates. For manually signed targets, xcodebuild will download missing or updated provisioning profiles. Requires a developer account to have been added in Xcode's Accounts settings or an App Store Connect authentication key to be specified via the -authenticationKeyPath, -authenticationKeyID, and -authenticationKeyIssuerID parameters.
    -allowProvisioningDeviceRegistration                     Allow xcodebuild to register your destination device on the developer portal if necessary. This flag only takes effect if -allowProvisioningUpdates is also passed.
    -authenticationKeyPath                                   specifies the path to an authentication key issued by App Store Connect. If specified, xcodebuild will authenticate with the Apple Developer website using this credential. The -authenticationKeyID and -authenticationKeyIssuerID parameters are required.
    -authenticationKeyID                                     specifies the key identifier associated with the App Store Conect authentication key at -authenticationKeyPath. This string can be located in the users and access details for your provider at "https://appstoreconnect.apple.com".
    -authenticationKeyIssuerID                               specifies the App Store Connect issuer identifier associated with the authentication key at -authenticationKeyPath. This string can be located in the users and access details for your provider at "https://appstoreconnect.apple.com".
    -scmProvider                                             which implementation to use for Git operations (system/xcode)
    -showBuildTimingSummary                                  display a report of the timings of all the commands invoked during the build
    -create-xcframework                                      create an xcframework from prebuilt libraries; -help for more information.
