[2026-02-17 07:57:58] 🚀 Iniciando script – 2026-02-17_07-57-58
[2026-02-17 07:57:58] ✅ Node v24.12.0 OK
[2026-02-17 07:58:00] ✅ Yarn 4.12.0 OK
[2026-02-17 07:58:00] ✅ Expo (local) 54.0.23
[2026-02-17 07:58:00] ✅ Xcode 26.2 OK
[2026-02-17 07:58:06] ✅ CocoaPods 1.16.2 OK
[2026-02-17 07:58:06] ✅ libimobiledevice (idevicepair) disponível
[2026-02-17 07:58:06] 🚀 Iniciando script – 2026-02-17_07-57-58
[2026-02-17 07:58:06] 🧹 Limpando artefatos da build anterior…
[2026-02-17 07:58:27]    • DerivedData removida (/Users/clisamax/Library/Developer/Xcode/DerivedData/FormCam-bghffiesmchebqfenymgyejtnsai
/Users/clisamax/Library/Developer/Xcode/DerivedData/FormCam-dafqrjcqenjoxbfbwuupgqbhuhip)
[2026-02-17 07:58:27] ✅ Limpeza completa concluída.
[2026-02-17 07:58:27] 📦 Instalando dependências JavaScript (Yarn – frozen‑lockfile)…
➤ YN0050: The --frozen-lockfile option is deprecated; use --immutable and/or --immutable-cache instead

➤ YN0000: · Yarn 4.12.0
➤ YN0000: ┌ Resolution step
➤ YN0000: └ Completed in 0s 263ms
➤ YN0000: ┌ Post-resolution validation
➤ YN0060: │ react is listed by your project with version 19.1.0 (pf5c6e9), which doesn't satisfy what react-test-renderer and other dependencies request (but they have non-overlapping ranges!).
➤ YN0086: │ Some peer dependencies are incorrectly met by your project; run yarn explain peer-requirements <hash> for details, where <hash> is the six-letter p-prefixed code.
➤ YN0086: │ Some peer dependencies are incorrectly met by dependencies; run yarn explain peer-requirements for details.
➤ YN0000: └ Completed
➤ YN0000: ┌ Fetch step
➤ YN0000: └ Completed in 1s 238ms
➤ YN0000: ┌ Link step
➤ YN0001: │ Error: While persisting /Users/clisamax/.yarn/berry/cache/react-native-gesture-handler-npm-2.28.0-46647da20a-10c0.zip/node_modules/react-native-gesture-handler/ -> /Users/clisamax/Documents/GITHUB/FormCam/node_modules/react-native-gesture-handler ENFILE: file table overflow, open '/Users/clisamax/Documents/GITHUB/FormCam/node_modules/react-native-gesture-handler/src/components/DrawerLayout.tsx'
➤ YN0000: └ Completed in 1m 18s
➤ YN0000: · Failed with errors in 1m 20s
